Component: ARM Compiler 5.06 update 6 (build 750) Tool: armlink [4d35ed]

==============================================================================

Section Cross References

    startup_stm32f103xb.o(RESET) refers to startup_stm32f103xb.o(STACK) for __initial_sp
    startup_stm32f103xb.o(RESET) refers to startup_stm32f103xb.o(.text) for Reset_Handler
    startup_stm32f103xb.o(RESET) refers to stm32f1xx_it.o(i.NMI_Handler) for NMI_Handler
    startup_stm32f103xb.o(RESET) refers to stm32f1xx_it.o(i.HardFault_Handler) for HardFault_Handler
    startup_stm32f103xb.o(RESET) refers to stm32f1xx_it.o(i.MemManage_Handler) for MemManage_Handler
    startup_stm32f103xb.o(RESET) refers to stm32f1xx_it.o(i.BusFault_Handler) for BusFault_Handler
    startup_stm32f103xb.o(RESET) refers to stm32f1xx_it.o(i.UsageFault_Handler) for UsageFault_Handler
    startup_stm32f103xb.o(RESET) refers to port.o(.emb_text) for SVC_Handler
    startup_stm32f103xb.o(RESET) refers to stm32f1xx_it.o(i.DebugMon_Handler) for DebugMon_Handler
    startup_stm32f103xb.o(RESET) refers to stm32f1xx_it.o(i.SysTick_Handler) for SysTick_Handler
    startup_stm32f103xb.o(RESET) refers to stm32f1xx_it.o(i.DMA1_Channel6_IRQHandler) for DMA1_Channel6_IRQHandler
    startup_stm32f103xb.o(RESET) refers to usart.o(i.USART2_IRQHandler) for USART2_IRQHandler
    startup_stm32f103xb.o(.text) refers to system_stm32f1xx.o(i.SystemInit) for SystemInit
    startup_stm32f103xb.o(.text) refers to entry.o(.ARM.Collect$$$$00000000) for __main
    main.o(i.AppTask) refers to lcd.o(i.LCD_Init) for LCD_Init
    main.o(i.AppTask) refers to key.o(i.KEYPAD_Init) for KEYPAD_Init
    main.o(i.AppTask) refers to ui.o(i.UI_Init) for UI_Init
    main.o(i.AppTask) refers to printfa.o(i.__0printf) for __2printf
    main.o(i.AppTask) refers to tasks.o(i.vTaskDelay) for vTaskDelay
    main.o(i.AppTask) refers to usart.o(.data) for USART2_RX_STA
    main.o(i.SystemClock_Config) refers to memseta.o(.text) for __aeabi_memclr4
    main.o(i.SystemClock_Config) refers to stm32f1xx_hal_rcc.o(i.HAL_RCC_OscConfig) for HAL_RCC_OscConfig
    main.o(i.SystemClock_Config) refers to stm32f1xx_hal_rcc.o(i.HAL_RCC_ClockConfig) for HAL_RCC_ClockConfig
    main.o(i.main) refers to stm32f1xx_hal.o(i.HAL_Init) for HAL_Init
    main.o(i.main) refers to main.o(i.SystemClock_Config) for SystemClock_Config
    main.o(i.main) refers to gpio.o(i.MX_GPIO_Init) for MX_GPIO_Init
    main.o(i.main) refers to dma.o(i.MX_DMA_Init) for MX_DMA_Init
    main.o(i.main) refers to usart.o(i.MX_USART1_UART_Init) for MX_USART1_UART_Init
    main.o(i.main) refers to usart.o(i.MX_USART2_UART_Init) for MX_USART2_UART_Init
    main.o(i.main) refers to usart.o(i.MX_USART3_UART_Init) for MX_USART3_UART_Init
    main.o(i.main) refers to printfa.o(i.__0printf) for __2printf
    main.o(i.main) refers to tasks.o(i.xTaskCreate) for xTaskCreate
    main.o(i.main) refers to tasks.o(i.vTaskStartScheduler) for vTaskStartScheduler
    main.o(i.main) refers to main.o(.data) for .data
    main.o(i.main) refers to main.o(i.AppTask) for AppTask
    main.o(i.vApplicationStackOverflowHook) refers to stm32f1xx_hal_cortex.o(i.HAL_NVIC_SystemReset) for HAL_NVIC_SystemReset
    usart.o(i.HAL_UART_MspDeInit) refers to stm32f1xx_hal_gpio.o(i.HAL_GPIO_DeInit) for HAL_GPIO_DeInit
    usart.o(i.HAL_UART_MspDeInit) refers to stm32f1xx_hal_dma.o(i.HAL_DMA_DeInit) for HAL_DMA_DeInit
    usart.o(i.HAL_UART_MspInit) refers to stm32f1xx_hal_gpio.o(i.HAL_GPIO_Init) for HAL_GPIO_Init
    usart.o(i.HAL_UART_MspInit) refers to stm32f1xx_hal_dma.o(i.HAL_DMA_Init) for HAL_DMA_Init
    usart.o(i.HAL_UART_MspInit) refers to main.o(i.Error_Handler) for Error_Handler
    usart.o(i.HAL_UART_MspInit) refers to stm32f1xx_hal_cortex.o(i.HAL_NVIC_SetPriority) for HAL_NVIC_SetPriority
    usart.o(i.HAL_UART_MspInit) refers to stm32f1xx_hal_cortex.o(i.HAL_NVIC_EnableIRQ) for HAL_NVIC_EnableIRQ
    usart.o(i.HAL_UART_MspInit) refers to usart.o(.bss) for .bss
    usart.o(i.MX_USART1_UART_Init) refers to stm32f1xx_hal_uart.o(i.HAL_UART_Init) for HAL_UART_Init
    usart.o(i.MX_USART1_UART_Init) refers to main.o(i.Error_Handler) for Error_Handler
    usart.o(i.MX_USART1_UART_Init) refers to usart.o(.bss) for .bss
    usart.o(i.MX_USART2_UART_Init) refers to stm32f1xx_hal_uart.o(i.HAL_UART_Init) for HAL_UART_Init
    usart.o(i.MX_USART2_UART_Init) refers to main.o(i.Error_Handler) for Error_Handler
    usart.o(i.MX_USART2_UART_Init) refers to stm32f1xx_hal_uart.o(i.HAL_UART_Receive_DMA) for HAL_UART_Receive_DMA
    usart.o(i.MX_USART2_UART_Init) refers to usart.o(.bss) for .bss
    usart.o(i.MX_USART3_UART_Init) refers to stm32f1xx_hal_uart.o(i.HAL_HalfDuplex_Init) for HAL_HalfDuplex_Init
    usart.o(i.MX_USART3_UART_Init) refers to main.o(i.Error_Handler) for Error_Handler
    usart.o(i.MX_USART3_UART_Init) refers to usart.o(.bss) for .bss
    usart.o(i.USART2_IRQHandler) refers to stm32f1xx_hal_uart.o(i.HAL_UART_DMAStop) for HAL_UART_DMAStop
[...]
    ../Drivers/STM32F1xx_HAL_Driver/Src/stm32f1xx_hal_flash.c 0x00000000   Number         0  stm32f1xx_hal_flash.o ABSOLUTE
    ../Drivers/STM32F1xx_HAL_Driver/Src/stm32f1xx_hal_flash_ex.c 0x00000000   Number         0  stm32f1xx_hal_flash_ex.o ABSOLUTE
    ../Drivers/STM32F1xx_HAL_Driver/Src/stm32f1xx_hal_gpio.c 0x00000000   Number         0  stm32f1xx_hal_gpio.o ABSOLUTE
    ../Drivers/STM32F1xx_HAL_Driver/Src/stm32f1xx_hal_gpio_ex.c 0x00000000   Number         0  stm32f1xx_hal_gpio_ex.o ABSOLUTE
    ../Drivers/STM32F1xx_HAL_Driver/Src/stm32f1xx_hal_pwr.c 0x00000000   Number         0  stm32f1xx_hal_pwr.o ABSOLUTE
    ../Drivers/STM32F1xx_HAL_Driver/Src/stm32f1xx_hal_rcc.c 0x00000000   Number         0  stm32f1xx_hal_rcc.o ABSOLUTE
    ../Drivers/STM32F1xx_HAL_Driver/Src/stm32f1xx_hal_rcc_ex.c 0x00000000   Number         0  stm32f1xx_hal_rcc_ex.o ABSOLUTE
    ../Drivers/STM32F1xx_HAL_Driver/Src/stm32f1xx_hal_tim.c 0x00000000   Number         0  stm32f1xx_hal_tim.o ABSOLUTE
    ../Drivers/STM32F1xx_HAL_Driver/Src/stm32f1xx_hal_tim_ex.c 0x00000000   Number         0  stm32f1xx_hal_tim_ex.o ABSOLUTE
    ../Drivers/STM32F1xx_HAL_Driver/Src/stm32f1xx_hal_uart.c 0x00000000   Number         0  stm32f1xx_hal_uart.o ABSOLUTE
    ../clib/microlib/division.c              0x00000000   Number         0  uldiv.o ABSOLUTE
    ../clib/microlib/division.c              0x00000000   Number         0  uidiv.o ABSOLUTE
    ../clib/microlib/init/entry.s            0x00000000   Number         0  entry7b.o ABSOLUTE
    ../clib/microlib/init/entry.s            0x00000000   Number         0  entry5.o ABSOLUTE
    ../clib/microlib/init/entry.s            0x00000000   Number         0  entry11b.o ABSOLUTE
    ../clib/microlib/init/entry.s            0x00000000   Number         0  entry.o ABSOLUTE
    ../clib/microlib/init/entry.s            0x00000000   Number         0  entry8a.o ABSOLUTE
    ../clib/microlib/init/entry.s            0x00000000   Number         0  entry2.o ABSOLUTE
    ../clib/microlib/init/entry.s            0x00000000   Number         0  entry8b.o ABSOLUTE
    ../clib/microlib/init/entry.s            0x00000000   Number         0  entry11a.o ABSOLUTE
    ../clib/microlib/init/entry.s            0x00000000   Number         0  entry7a.o ABSOLUTE
    ../clib/microlib/init/entry.s            0x00000000   Number         0  entry10b.o ABSOLUTE
    ../clib/microlib/init/entry.s            0x00000000   Number         0  entry10a.o ABSOLUTE
    ../clib/microlib/init/entry.s            0x00000000   Number         0  entry9b.o ABSOLUTE
    ../clib/microlib/init/entry.s            0x00000000   Number         0  entry9a.o ABSOLUTE
    ../clib/microlib/longlong.c              0x00000000   Number         0  llsshr.o ABSOLUTE
    ../clib/microlib/longlong.c              0x00000000   Number         0  llshl.o ABSOLUTE
    ../clib/microlib/longlong.c              0x00000000   Number         0  llushr.o ABSOLUTE
    ../clib/microlib/printf/printf.c         0x00000000   Number         0  printf8.o ABSOLUTE
    ../clib/microlib/printf/printf.c         0x00000000   Number         0  printf0.o ABSOLUTE
    ../clib/microlib/printf/printf.c         0x00000000   Number         0  printf1.o ABSOLUTE
    ../clib/microlib/printf/printf.c         0x00000000   Number         0  printfa.o ABSOLUTE
    ../clib/microlib/printf/printf.c         0x00000000   Number         0  printf3.o ABSOLUTE
    ../clib/microlib/printf/printf.c         0x00000000   Number         0  printf2.o ABSOLUTE
    ../clib/microlib/printf/printf.c         0x00000000   Number         0  printf4.o ABSOLUTE
    ../clib/microlib/printf/printf.c         0x00000000   Number         0  printf5.o ABSOLUTE
    ../clib/microlib/printf/printf.c         0x00000000   Number         0  printfb.o ABSOLUTE
    ../clib/microlib/printf/printf.c         0x00000000   Number         0  printf6.o ABSOLUTE
    ../clib/microlib/printf/printf.c         0x00000000   Number         0  printf7.o ABSOLUTE
    ../clib/microlib/stdio/streams.c         0x00000000   Number         0  stdout.o ABSOLUTE
    ../clib/microlib/string/memcpy.c         0x00000000   Number         0  memcpyb.o ABSOLUTE
    ../clib/microlib/string/memcpy.c         0x00000000   Number         0  memcpya.o ABSOLUTE
    ../clib/microlib/string/memset.c         0x00000000   Number         0  memseta.o ABSOLUTE
    ../clib/microlib/stubs.s                 0x00000000   Number         0  iusefp.o ABSOLUTE
    ../fplib/microlib/fpadd.c                0x00000000   Number         0  dadd.o ABSOLUTE
    ../fplib/microlib/fpdiv.c                0x00000000   Number         0  ddiv.o ABSOLUTE
    ../fplib/microlib/fpepilogue.c           0x00000000   Number         0  depilogue.o ABSOLUTE
    ../fplib/microlib/fpfix.c                0x00000000   Number         0  dfixul.o ABSOLUTE
    ../fplib/microlib/fpmul.c                0x00000000   Number         0  dmul.o ABSOLUTE
    ..\Core\Src\dma.c                        0x00000000   Number         0  dma.o ABSOLUTE
    ..\Core\Src\gpio.c                       0x00000000   Number         0  gpio.o ABSOLUTE
    ..\Core\Src\key.c                        0x00000000   Number         0  key.o ABSOLUTE
    ..\Core\Src\lcd.c                        0x00000000   Number         0  lcd.o ABSOLUTE
    ..\Core\Src\main.c                       0x00000000   Number         0  main.o ABSOLUTE
    ..\Core\Src\modbus.c                     0x00000000   Number         0  modbus.o ABSOLUTE
    ..\Core\Src\modbus_crc.c                 0x00000000   Number         0  modbus_crc.o ABSOLUTE
    ..\Core\Src\stm32f1xx_hal_msp.c          0x00000000   Number         0  stm32f1xx_hal_msp.o ABSOLUTE
    ..\Core\Src\stm32f1xx_it.c               0x00000000   Number         0  stm32f1xx_it.o ABSOLUTE
    ..\Core\Src\system_stm32f1xx.c           0x00000000   Number         0  system_stm32f1xx.o ABSOLUTE
    ..\Core\Src\ui.c                         0x00000000   Number         0  ui.o ABSOLUTE
    ..\Core\Src\ui_main.c                    0x00000000   Number         0  ui_main.o ABSOLUTE
    ..\Core\Src\ui_mode.c                    0x00000000   Number         0  ui_mode.o ABSOLUTE
    ..\Core\Src\usart.c                      0x00000000   Number         0  usart.o ABSOLUTE
    ..\Drivers\STM32F1xx_HAL_Driver\Src\stm32f1xx_hal.c 0x00000000   Number         0  stm32f1xx_hal.o ABSOLUTE
    ..\Drivers\STM32F1xx_HAL_Driver\Src\stm32f1xx_hal_cortex.c 0x00000000   Number         0  stm32f1xx_hal_cortex.o ABSOLUTE
    ..\Drivers\STM32F1xx_HAL_Driver\Src\stm32f1xx_hal_dma.c 0x00000000   Number         0  stm32f1xx_hal_dma.o ABSOLUTE
    ..\Drivers\STM32F1xx_HAL_Driver\Src\stm32f1xx_hal_exti.c 0x00000000   Number         0  stm32f1xx_hal_exti.o ABSOLUTE
    ..\Drivers\STM32F1xx_HAL_Driver\Src\stm32f1xx_hal_flash.c 0x00000000   Number         0  stm32f1xx_hal_flash.o ABSOLUTE
    ..\Drivers\STM32F1xx_HAL_Driver\Src\stm32f1xx_hal_flash_ex.c 0x00000000   Number         0  stm32f1xx_hal_flash_ex.o ABSOLUTE
    ..\Drivers\STM32F1xx_HAL_Driver\Src\stm32f1xx_hal_gpio.c 0x00000000   Number         0  stm32f1xx_hal_gpio.o ABSOLUTE
    ..\Drivers\STM32F1xx_HAL_Driver\Src\stm32f1xx_hal_gpio_ex.c 0x00000000   Number         0  stm32f1xx_hal_gpio_ex.o ABSOLUTE
    ..\Drivers\STM32F1xx_HAL_Driver\Src\stm32f1xx_hal_pwr.c 0x00000000   Number         0  stm32f1xx_hal_pwr.o ABSOLUTE
    ..\Drivers\STM32F1xx_HAL_Driver\Src\stm32f1xx_hal_rcc.c 0x00000000   Number         0  stm32f1xx_hal_rcc.o ABSOLUTE
    ..\Drivers\STM32F1xx_HAL_Driver\Src\stm32f1xx_hal_rcc_ex.c 0x00000000   Number         0  stm32f1xx_hal_rcc_ex.o ABSOLUTE
    ..\Drivers\STM32F1xx_HAL_Driver\Src\stm32f1xx_hal_tim.c 0x00000000   Number         0  stm32f1xx_hal_tim.o ABSOLUTE
    ..\Drivers\STM32F1xx_HAL_Driver\Src\stm32f1xx_hal_tim_ex.c 0x00000000   Number         0  stm32f1xx_hal_tim_ex.o ABSOLUTE
    ..\Drivers\STM32F1xx_HAL_Driver\Src\stm32f1xx_hal_uart.c 0x00000000   Number         0  stm32f1xx_hal_uart.o ABSOLUTE
    ..\FreeRTOS\croutine.c                   0x00000000   Number         0  croutine.o ABSOLUTE
    ..\FreeRTOS\event_groups.c               0x00000000   Number         0  event_groups.o ABSOLUTE
    ..\FreeRTOS\list.c                       0x00000000   Number         0  list.o ABSOLUTE
    ..\FreeRTOS\portable\MemMang\heap_4.c    0x00000000   Number         0  heap_4.o ABSOLUTE
    ..\FreeRTOS\portable\RVDS\ARM_CM3\port.c 0x00000000   Number         0  port.o ABSOLUTE
    ..\FreeRTOS\queue.c                      0x00000000   Number         0  queue.o ABSOLUTE
    ..\FreeRTOS\tasks.c                      0x00000000   Number         0  tasks.o ABSOLUTE
    ..\FreeRTOS\timers.c                     0x00000000   Number         0  timers.o ABSOLUTE
    ..\\Core\\Src\\dma.c                     0x00000000   Number         0  dma.o ABSOLUTE
    ..\\Core\\Src\\key.c                     0x00000000   Number         0  key.o ABSOLUTE
    ..\\Core\\Src\\lcd.c                     0x00000000   Number         0  lcd.o ABSOLUTE
    ..\\Core\\Src\\modbus.c                  0x00000000   Number         0  modbus.o ABSOLUTE
    ..\\Core\\Src\\modbus_crc.c              0x00000000   Number         0  modbus_crc.o ABSOLUTE
    ..\\Core\\Src\\ui.c                      0x00000000   Number         0  ui.o ABSOLUTE
    ..\\Core\\Src\\ui_main.c                 0x00000000   Number         0  ui_main.o ABSOLUTE
    ..\\Core\\Src\\ui_mode.c                 0x00000000   Number         0  ui_mode.o ABSOLUTE
    ..\\FreeRTOS\\portable\\RVDS\\ARM_CM3\\port.c 0x00000000   Number         0  port.o ABSOLUTE
    cdrcmple.s                               0x00000000   Number         0  cdrcmple.o ABSOLUTE
    dc.s                                     0x00000000   Number         0  dc.o ABSOLUTE
    handlers.s                               0x00000000   Number         0  handlers.o ABSOLUTE
    init.s                                   0x00000000   Number         0  init.o ABSOLUTE
    startup_stm32f103xb.s                    0x00000000   Number         0  startup_stm32f103xb.o ABSOLUTE
    RESET                                    0x08000000   Section      236  startup_stm32f103xb.o(RESET)
    .ARM.Collect$$$$00000000                 0x080000ec   Section        0  entry.o(.ARM.Collect$$$$00000000)
    .ARM.Collect$$$$00000001                 0x080000ec   Section        4  entry2.o(.ARM.Collect$$$$00000001)
    .ARM.Collect$$$$00000004                 0x080000f0   Section        4  entry5.o(.ARM.Collect$$$$00000004)
    .ARM.Collect$$$$00000008                 0x080000f4   Section        0  entry7b.o(.ARM.Collect$$$$00000008)
    .ARM.Collect$$$$0000000A                 0x080000f4   Section        0  entry8b.o(.ARM.Collect$$$$0000000A)
    .ARM.Collect$$$$0000000B                 0x080000f4   Section        8  entry9a.o(.ARM.Collect$$$$0000000B)
    .ARM.Collect$$$$0000000D                 0x080000fc   Section        0  entry10a.o(.ARM.Collect$$$$0000000D)
    .ARM.Collect$$$$0000000F                 0x080000fc   Section        0  entry11a.o(.ARM.Collect$$$$0000000F)
    .ARM.Collect$$$$00002712                 0x080000fc   Section        4  entry2.o(.ARM.Collect$$$$00002712)
    __lit__00000000                          0x080000fc   Data           4  entry2.o(.ARM.Collect$$$$00002712)
    .emb_text                                0x08000100   Section      150  port.o(.emb_text)
    .text                                    0x08000198   Section       36  startup_stm32f103xb.o(.text)
    .text                                    0x080001bc   Section        0  llushr.o(.text)
    .text                                    0x080001dc   Section        0  memcpya.o(.text)
    .text                                    0x08000200   Section        0  memseta.o(.text)
    .text                                    0x08000224   Section        0  uidiv.o(.text)
    .text                                    0x08000250   Section        0  uldiv.o(.text)
    .text                                    0x080002b2   Section        0  dadd.o(.text)
    .text                                    0x080002b2   Section        0  iusefp.o(.text)
    .text                                    0x08000400   Section        0  dmul.o(.text)
    .text                                    0x080004e4   Section        0  ddiv.o(.text)
    .text                                    0x080005c2   Section        0  dfixul.o(.text)
    .text                                    0x080005f4   Section       48  cdrcmple.o(.text)
    .text                                    0x08000624   Section       36  init.o(.text)
    .text                                    0x08000648   Section        0  llshl.o(.text)
    .text                                    0x08000666   Section        0  llsshr.o(.text)
    .text                                    0x0800068a   Section        0  depilogue.o(.text)
    i.AppTask                                0x08000744   Section        0  main.o(i.AppTask)
    AppTask                                  0x08000745   Thumb Code    38  main.o(i.AppTask)
    i.BusFault_Handler                       0x08000780   Section        0  stm32f1xx_it.o(i.BusFault_Handler)
    i.DMA1_Channel6_IRQHandler               0x08000784   Section        0  stm32f1xx_it.o(i.DMA1_Channel6_IRQHandler)
    i.DMA_SetConfig                          0x08000790   Section        0  stm32f1xx_hal_dma.o(i.DMA_SetConfig)
    DMA_SetConfig                            0x08000791   Thumb Code    42  stm32f1xx_hal_dma.o(i.DMA_SetConfig)
    i.DebugMon_Handler                       0x080007ba   Section        0  stm32f1xx_it.o(i.DebugMon_Handler)
    i.DetectKeyPress                         0x080007bc   Section        0  key.o(i.DetectKeyPress)
    DetectKeyPress                           0x080007bd   Thumb Code    88  key.o(i.DetectKeyPress)
    i.Error_Handler                          0x08000818   Section        0  main.o(i.Error_Handler)
    i.HAL_DMA_Abort                          0x0800081a   Section        0  stm32f1xx_hal_dma.o(i.HAL_DMA_Abort)
    i.HAL_DMA_IRQHandler                     0x08000860   Section        0  stm32f1xx_hal_dma.o(i.HAL_DMA_IRQHandler)
    i.HAL_DMA_Init                           0x080009b4   Section        0  stm32f1xx_hal_dma.o(i.HAL_DMA_Init)
    i.HAL_DMA_Start_IT                       0x08000a10   Section        0  stm32f1xx_hal_dma.o(i.HAL_DMA_Start_IT)
    i.HAL_GPIO_Init                          0x08000a80   Section        0  stm32f1xx_hal_gpio.o(i.HAL_GPIO_Init)
    i.HAL_GPIO_ReadPin                       0x08000c60   Section        0  stm32f1xx_hal_gpio.o(i.HAL_GPIO_ReadPin)
    i.HAL_GetTick                            0x08000c6c   Section        0  stm32f1xx_hal.o(i.HAL_GetTick)
    i.HAL_HalfDuplex_Init                    0x08000c78   Section        0  stm32f1xx_hal_uart.o(i.HAL_HalfDuplex_Init)
    i.HAL_IncTick                            0x08000ce4   Section        0  stm32f1xx_hal.o(i.HAL_IncTick)
    i.HAL_Init                               0x08000cf4   Section        0  stm32f1xx_hal.o(i.HAL_Init)
    i.HAL_InitTick                           0x08000d18   Section        0  stm32f1xx_hal.o(i.HAL_InitTick)
    i.HAL_MspInit                            0x08000d58   Section        0  stm32f1xx_hal_msp.o(i.HAL_MspInit)
    i.HAL_NVIC_EnableIRQ                     0x08000d94   Section        0  stm32f1xx_hal_cortex.o(i.HAL_NVIC_EnableIRQ)
    i.HAL_NVIC_SetPriority                   0x08000db0   Section        0  stm32f1xx_hal_cortex.o(i.HAL_NVIC_SetPriority)
    i.HAL_NVIC_SetPriorityGrouping           0x08000df0   Section        0  stm32f1xx_hal_cortex.o(i.HAL_NVIC_SetPriorityGrouping)
    i.HAL_NVIC_SystemReset                   0x08000e14   Section        0  stm32f1xx_hal_cortex.o(i.HAL_NVIC_SystemReset)
    i.HAL_RCC_ClockConfig                    0x08000e38   Section        0  stm32f1xx_hal_rcc.o(i.HAL_RCC_ClockConfig)
    i.HAL_RCC_GetPCLK1Freq                   0x08000f64   Section        0  stm32f1xx_hal_rcc.o(i.HAL_RCC_GetPCLK1Freq)
    i.HAL_RCC_GetPCLK2Freq                   0x08000f84   Section        0  stm32f1xx_hal_rcc.o(i.HAL_RCC_GetPCLK2Freq)
    i.HAL_RCC_GetSysClockFreq                0x08000fa4   Section        0  stm32f1xx_hal_rcc.o(i.HAL_RCC_GetSysClockFreq)
    i.HAL_RCC_OscConfig                      0x08001010   Section        0  stm32f1xx_hal_rcc.o(i.HAL_RCC_OscConfig)
    i.HAL_SYSTICK_Config                     0x08001330   Section        0  stm32f1xx_hal_cortex.o(i.HAL_SYSTICK_Config)
    i.HAL_UARTEx_RxEventCallback             0x08001358   Section        0  stm32f1xx_hal_uart.o(i.HAL_UARTEx_RxEventCallback)
    i.HAL_UART_DMAStop                       0x0800135a   Section        0  stm32f1xx_hal_uart.o(i.HAL_UART_DMAStop)
    i.HAL_UART_ErrorCallback                 0x080013b2   Section        0  stm32f1xx_hal_uart.o(i.HAL_UART_ErrorCallback)
    i.HAL_UART_Init                          0x080013b4   Section        0  stm32f1xx_hal_uart.o(i.HAL_UART_Init)
    i.HAL_UART_MspInit                       0x08001418   Section        0  usart.o(i.HAL_UART_MspInit)
    i.HAL_UART_Receive_DMA                   0x08001554   Section        0  stm32f1xx_hal_uart.o(i.HAL_UART_Receive_DMA)
    i.HAL_UART_RxCpltCallback                0x0800157e   Section        0  stm32f1xx_hal_uart.o(i.HAL_UART_RxCpltCallback)
    i.HAL_UART_RxHalfCpltCallback            0x08001580   Section        0  stm32f1xx_hal_uart.o(i.HAL_UART_RxHalfCpltCallback)
    i.HAL_UART_Transmit                      0x08001584   Section        0  stm32f1xx_hal_uart.o(i.HAL_UART_Transmit)
    i.HardFault_Handler                      0x08001636   Section        0  stm32f1xx_it.o(i.HardFault_Handler)
    i.KEYPAD_Init                            0x08001638   Section        0  key.o(i.KEYPAD_Init)
    i.KEYPAD_Scan_Task                       0x08001688   Section        0  key.o(i.KEYPAD_Scan_Task)
    KEYPAD_Scan_Task                         0x08001689   Thumb Code    60  key.o(i.KEYPAD_Scan_Task)
    i.KEY_GPIO_Init                          0x080016c8   Section        0  key.o(i.KEY_GPIO_Init)
    i.Key_BufferClear                        0x08001758   Section        0  key.o(i.Key_BufferClear)
    i.Key_BufferRead                         0x08001774   Section        0  key.o(i.Key_BufferRead)
    i.LCD_Init                               0x08001798   Section        0  lcd.o(i.LCD_Init)
    i.MX_DMA_Init                            0x080017bc   Section        0  dma.o(i.MX_DMA_Init)
    i.MX_GPIO_Init                           0x080017e8   Section        0  gpio.o(i.MX_GPIO_Init)
    i.MX_USART1_UART_Init                    0x08001814   Section        0  usart.o(i.MX_USART1_UART_Init)
    i.MX_USART2_UART_Init                    0x0800184c   Section        0  usart.o(i.MX_USART2_UART_Init)
    i.MX_USART3_UART_Init                    0x08001898   Section        0  usart.o(i.MX_USART3_UART_Init)
    i.MemManage_Handler                      0x080018d8   Section        0  stm32f1xx_it.o(i.MemManage_Handler)
    i.NMI_Handler                            0x080018da   Section        0  stm32f1xx_it.o(i.NMI_Handler)
    i.SysTick_Handler                        0x080018dc   Section        0  stm32f1xx_it.o(i.SysTick_Handler)
    i.SystemClock_Config                     0x080018f4   Section        0  main.o(i.SystemClock_Config)
    i.SystemInit                             0x08001942   Section        0  system_stm32f1xx.o(i.SystemInit)
    i.UART_DMAError                          0x08001944   Section        0  stm32f1xx_hal_uart.o(i.UART_DMAError)
    UART_DMAError                            0x08001945   Thumb Code    74  stm32f1xx_hal_uart.o(i.UART_DMAError)
    i.UART_DMAReceiveCplt                    0x0800198e   Section        0  stm32f1xx_hal_uart.o(i.UART_DMAReceiveCplt)
    UART_DMAReceiveCplt                      0x0800198f   Thumb Code    90  stm32f1xx_hal_uart.o(i.UART_DMAReceiveCplt)
    i.UART_DMARxHalfCplt                     0x080019e8   Section        0  stm32f1xx_hal_uart.o(i.UART_DMARxHalfCplt)
    UART_DMARxHalfCplt                       0x080019e9   Thumb Code    26  stm32f1xx_hal_uart.o(i.UART_DMARxHalfCplt)
    i.UART_EndRxTransfer                     0x08001a02   Section        0  stm32f1xx_hal_uart.o(i.UART_EndRxTransfer)
    UART_EndRxTransfer                       0x08001a03   Thumb Code    48  stm32f1xx_hal_uart.o(i.UART_EndRxTransfer)
    i.UART_EndTxTransfer                     0x08001a32   Section        0  stm32f1xx_hal_uart.o(i.UART_EndTxTransfer)
    UART_EndTxTransfer                       0x08001a33   Thumb Code    18  stm32f1xx_hal_uart.o(i.UART_EndTxTransfer)
    i.UART_SetConfig                         0x08001a44   Section        0  stm32f1xx_hal_uart.o(i.UART_SetConfig)
    UART_SetConfig                           0x08001a45   Thumb Code   178  stm32f1xx_hal_uart.o(i.UART_SetConfig)
    i.UART_Start_Receive_DMA                 0x08001afc   Section        0  stm32f1xx_hal_uart.o(i.UART_Start_Receive_DMA)
    i.UART_WaitOnFlagUntilTimeout            0x08001b6c   Section        0  stm32f1xx_hal_uart.o(i.UART_WaitOnFlagUntilTimeout)
    UART_WaitOnFlagUntilTimeout              0x08001b6d   Thumb Code   100  stm32f1xx_hal_uart.o(i.UART_WaitOnFlagUntilTimeout)
    i.UIInit                                 0x08001bd0   Section        0  ui_main.o(i.UIInit)
    UIInit                                   0x08001bd1   Thumb Code     6  ui_main.o(i.UIInit)
    i.UIInit                                 0x08001be4   Section        0  ui_mode.o(i.UIInit)
    UIInit                                   0x08001be5   Thumb Code    22  ui_mode.o(i.UIInit)
    i.UIKeyEvent                             0x08001c0c   Section        0  ui_main.o(i.UIKeyEvent)
    UIKeyEvent                               0x08001c0d   Thumb Code    56  ui_main.o(i.UIKeyEvent)
    i.UIKeyEvent                             0x08001c80   Section        0  ui_mode.o(i.UIKeyEvent)
    UIKeyEvent                               0x08001c81   Thumb Code    96  ui_mode.o(i.UIKeyEvent)
    i.UIKeyEventTask                         0x08001d1c   Section        0  ui.o(i.UIKeyEventTask)
    UIKeyEventTask                           0x08001d1d   Thumb Code    88  ui.o(i.UIKeyEventTask)
    i.UI_ConfigPageRefresh                   0x08001d78   Section        0  ui_mode.o(i.UI_ConfigPageRefresh)
    UI_ConfigPageRefresh                     0x08001d79   Thumb Code    18  ui_mode.o(i.UI_ConfigPageRefresh)
    i.UI_Init                                0x08001d98   Section        0  ui.o(i.UI_Init)
    i.UI_OpModeChange                        0x08001de4   Section        0  ui.o(i.UI_OpModeChange)
    i.USART2_IRQHandler                      0x08001e38   Section        0  usart.o(i.USART2_IRQHandler)
    i.UsageFault_Handler                     0x08001e88   Section        0  stm32f1xx_it.o(i.UsageFault_Handler)
    i.__0printf                              0x08001e8c   Section        0  printfa.o(i.__0printf)
    i.__0vsnprintf                           0x08001eac   Section        0  printfa.o(i.__0vsnprintf)
    i.__NVIC_SetPriority                     0x08001ed8   Section        0  stm32f1xx_hal_cortex.o(i.__NVIC_SetPriority)
    __NVIC_SetPriority                       0x08001ed9   Thumb Code    32  stm32f1xx_hal_cortex.o(i.__NVIC_SetPriority)
    i.__scatterload_copy                     0x08001ef8   Section       14  handlers.o(i.__scatterload_copy)
    i.__scatterload_null                     0x08001f06   Section        2  handlers.o(i.__scatterload_null)
    i.__scatterload_zeroinit                 0x08001f08   Section       14  handlers.o(i.__scatterload_zeroinit)
    i._fp_digits                             0x08001f18   Section        0  printfa.o(i._fp_digits)
    _fp_digits                               0x08001f19   Thumb Code   366  printfa.o(i._fp_digits)
    i._printf_core                           0x0800209c   Section        0  printfa.o(i._printf_core)
    _printf_core                             0x0800209d   Thumb Code  1744  printfa.o(i._printf_core)
    i._printf_post_padding                   0x08002778   Section        0  printfa.o(i._printf_post_padding)
    _printf_post_padding                     0x08002779   Thumb Code    36  printfa.o(i._printf_post_padding)
    i._printf_pre_padding                    0x0800279c   Section        0  printfa.o(i._printf_pre_padding)
    _printf_pre_padding                      0x0800279d   Thumb Code    46  printfa.o(i._printf_pre_padding)
    i._snputc                                0x080027ca   Section        0  printfa.o(i._snputc)
    _snputc                                  0x080027cb   Thumb Code    22  printfa.o(i._snputc)
    i.fputc                                  0x080027e0   Section        0  usart.o(i.fputc)
    i.lcdPutShortText                        0x080027f8   Section        0  lcd.o(i.lcdPutShortText)
    i.lcdSendByte                            0x080028a4   Section        0  lcd.o(i.lcdSendByte)
    lcdSendByte                              0x080028a5   Thumb Code    56  lcd.o(i.lcdSendByte)
    i.lcdTransform                           0x080028e4   Section        0  lcd.o(i.lcdTransform)
    i.main                                   0x0800295c   Section        0  main.o(i.main)
    i.prvAddCurrentTaskToDelayedList         0x080029c0   Section        0  tasks.o(i.prvAddCurrentTaskToDelayedList)
    prvAddCurrentTaskToDelayedList           0x080029c1   Thumb Code   102  tasks.o(i.prvAddCurrentTaskToDelayedList)
    i.prvAddNewTaskToReadyList               0x08002a30   Section        0  tasks.o(i.prvAddNewTaskToReadyList)
    prvAddNewTaskToReadyList                 0x08002a31   Thumb Code   192  tasks.o(i.prvAddNewTaskToReadyList)
    i.prvCheckForValidListAndQueue           0x08002b00   Section        0  timers.o(i.prvCheckForValidListAndQueue)
    prvCheckForValidListAndQueue             0x08002b01   Thumb Code    62  timers.o(i.prvCheckForValidListAndQueue)
    i.prvCheckTasksWaitingTermination        0x08002b50   Section        0  tasks.o(i.prvCheckTasksWaitingTermination)
    prvCheckTasksWaitingTermination          0x08002b51   Thumb Code    70  tasks.o(i.prvCheckTasksWaitingTermination)
    i.prvCopyDataFromQueue                   0x08002ba0   Section        0  queue.o(i.prvCopyDataFromQueue)
    prvCopyDataFromQueue                     0x08002ba1   Thumb Code    38  queue.o(i.prvCopyDataFromQueue)
    i.prvCopyDataToQueue                     0x08002bc6   Section        0  queue.o(i.prvCopyDataToQueue)
    prvCopyDataToQueue                       0x08002bc7   Thumb Code   108  queue.o(i.prvCopyDataToQueue)
    i.prvDeleteTCB                           0x08002c32   Section        0  tasks.o(i.prvDeleteTCB)
    prvDeleteTCB                             0x08002c33   Thumb Code    20  tasks.o(i.prvDeleteTCB)
    i.prvHeapInit                            0x08002c48   Section        0  heap_4.o(i.prvHeapInit)
    prvHeapInit                              0x08002c49   Thumb Code    66  heap_4.o(i.prvHeapInit)
    i.prvIdleTask                            0x08002c94   Section        0  tasks.o(i.prvIdleTask)
    prvIdleTask                              0x08002c95   Thumb Code    30  tasks.o(i.prvIdleTask)
    i.prvInitialiseNewTask                   0x08002cbc   Section        0  tasks.o(i.prvInitialiseNewTask)
    prvInitialiseNewTask                     0x08002cbd   Thumb Code   142  tasks.o(i.prvInitialiseNewTask)
    i.prvInsertBlockIntoFreeList             0x08002d4c   Section        0  heap_4.o(i.prvInsertBlockIntoFreeList)
    prvInsertBlockIntoFreeList               0x08002d4d   Thumb Code    72  heap_4.o(i.prvInsertBlockIntoFreeList)
    i.prvInsertTimerInActiveList             0x08002d98   Section        0  timers.o(i.prvInsertTimerInActiveList)
    prvInsertTimerInActiveList               0x08002d99   Thumb Code    52  timers.o(i.prvInsertTimerInActiveList)
    i.prvIsQueueEmpty                        0x08002dd0   Section        0  queue.o(i.prvIsQueueEmpty)
    prvIsQueueEmpty                          0x08002dd1   Thumb Code    28  queue.o(i.prvIsQueueEmpty)
    i.prvProcessReceivedCommands             0x08002dec   Section        0  timers.o(i.prvProcessReceivedCommands)
    prvProcessReceivedCommands               0x08002ded   Thumb Code   180  timers.o(i.prvProcessReceivedCommands)
    i.prvProcessTimerOrBlockTask             0x08002ea4   Section        0  timers.o(i.prvProcessTimerOrBlockTask)
    prvProcessTimerOrBlockTask               0x08002ea5   Thumb Code   172  timers.o(i.prvProcessTimerOrBlockTask)
    i.prvResetNextTaskUnblockTime            0x08002f58   Section        0  tasks.o(i.prvResetNextTaskUnblockTime)
    prvResetNextTaskUnblockTime              0x08002f59   Thumb Code    26  tasks.o(i.prvResetNextTaskUnblockTime)
    i.prvSampleTimeNow                       0x08002f78   Section        0  timers.o(i.prvSampleTimeNow)
    prvSampleTimeNow                         0x08002f79   Thumb Code    36  timers.o(i.prvSampleTimeNow)
    i.prvSwitchTimerLists                    0x08002fa0   Section        0  timers.o(i.prvSwitchTimerLists)
    prvSwitchTimerLists                      0x08002fa1   Thumb Code   102  timers.o(i.prvSwitchTimerLists)
    i.prvTaskExitError                       0x0800300c   Section        0  port.o(i.prvTaskExitError)
    prvTaskExitError                         0x0800300d   Thumb Code    36  port.o(i.prvTaskExitError)
    i.prvTimerTask                           0x08003034   Section        0  timers.o(i.prvTimerTask)
    prvTimerTask                             0x08003035   Thumb Code    32  timers.o(i.prvTimerTask)
    i.prvUnlockQueue                         0x08003058   Section        0  queue.o(i.prvUnlockQueue)
    prvUnlockQueue                           0x08003059   Thumb Code   106  queue.o(i.prvUnlockQueue)
    i.pvPortMalloc                           0x080030c4   Section        0  heap_4.o(i.pvPortMalloc)
    i.pvTaskIncrementMutexHeldCount          0x0800319c   Section        0  tasks.o(i.pvTaskIncrementMutexHeldCount)
    i.pxPortInitialiseStack                  0x080031b4   Section        0  port.o(i.pxPortInitialiseStack)
    i.shiftArrayBackward                     0x080031d8   Section        0  lcd.o(i.shiftArrayBackward)
    i.uxListRemove                           0x080031fe   Section        0  list.o(i.uxListRemove)
    i.vApplicationStackOverflowHook          0x08003222   Section        0  main.o(i.vApplicationStackOverflowHook)
    i.vListInitialise                        0x08003226   Section        0  list.o(i.vListInitialise)
    i.vListInitialiseItem                    0x0800323c   Section        0  list.o(i.vListInitialiseItem)
    i.vListInsert                            0x08003242   Section        0  list.o(i.vListInsert)
    i.vListInsertEnd                         0x08003272   Section        0  list.o(i.vListInsertEnd)
    i.vPortEnterCritical                     0x0800328c   Section        0  port.o(i.vPortEnterCritical)
    i.vPortExitCritical                      0x080032cc   Section        0  port.o(i.vPortExitCritical)
    i.vPortFree                              0x080032f4   Section        0  heap_4.o(i.vPortFree)
    i.vPortSetupTimerInterrupt               0x08003350   Section        0  port.o(i.vPortSetupTimerInterrupt)
    i.vPortValidateInterruptPriority         0x08003370   Section        0  port.o(i.vPortValidateInterruptPriority)
    i.vQueueAddToRegistry                    0x080033c4   Section        0  queue.o(i.vQueueAddToRegistry)
    i.vQueueWaitForMessageRestricted         0x080033ec   Section        0  queue.o(i.vQueueWaitForMessageRestricted)
    i.vTaskDelay                             0x08003430   Section        0  tasks.o(i.vTaskDelay)
    i.vTaskMissedYield                       0x0800347c   Section        0  tasks.o(i.vTaskMissedYield)
    i.vTaskPlaceOnEventList                  0x08003488   Section        0  tasks.o(i.vTaskPlaceOnEventList)
    i.vTaskPlaceOnEventListRestricted        0x080034b8   Section        0  tasks.o(i.vTaskPlaceOnEventListRestricted)
    i.vTaskPriorityInherit                   0x080034f0   Section        0  tasks.o(i.vTaskPriorityInherit)
    i.vTaskSetTimeOutState                   0x08003574   Section        0  tasks.o(i.vTaskSetTimeOutState)
    i.vTaskStartScheduler                    0x08003598   Section        0  tasks.o(i.vTaskStartScheduler)
    i.vTaskSuspendAll                        0x08003608   Section        0  tasks.o(i.vTaskSuspendAll)
    i.vTaskSwitchContext                     0x08003618   Section        0  tasks.o(i.vTaskSwitchContext)
    i.xPortStartScheduler                    0x0800368c   Section        0  port.o(i.xPortStartScheduler)
    i.xPortSysTickHandler                    0x08003700   Section        0  port.o(i.xPortSysTickHandler)
    i.xQueueCreateMutex                      0x0800372c   Section        0  queue.o(i.xQueueCreateMutex)
    i.xQueueGenericCreate                    0x08003750   Section        0  queue.o(i.xQueueGenericCreate)
    i.xQueueGenericReceive                   0x08003798   Section        0  queue.o(i.xQueueGenericReceive)
    i.xQueueGenericReset                     0x08003904   Section        0  queue.o(i.xQueueGenericReset)
    i.xQueueGenericSend                      0x0800398c   Section        0  queue.o(i.xQueueGenericSend)
    i.xQueueGenericSendFromISR               0x08003aec   Section        0  queue.o(i.xQueueGenericSendFromISR)
    i.xTaskCheckForTimeOut                   0x08003ba8   Section        0  tasks.o(i.xTaskCheckForTimeOut)
    i.xTaskCreate                            0x08003c14   Section        0  tasks.o(i.xTaskCreate)
    i.xTaskGetSchedulerState                 0x08003c6c   Section        0  tasks.o(i.xTaskGetSchedulerState)
    i.xTaskGetTickCount                      0x08003c88   Section        0  tasks.o(i.xTaskGetTickCount)
    i.xTaskIncrementTick                     0x08003c94   Section        0  tasks.o(i.xTaskIncrementTick)
    i.xTaskPriorityDisinherit                0x08003d5c   Section        0  tasks.o(i.xTaskPriorityDisinherit)
    i.xTaskRemoveFromEventList               0x08003df4   Section        0  tasks.o(i.xTaskRemoveFromEventList)
    i.xTaskResumeAll                         0x08003e68   Section        0  tasks.o(i.xTaskResumeAll)
    i.xTimerCreateTimerTask                  0x08003f2c   Section        0  timers.o(i.xTimerCreateTimerTask)
    i.xTimerGenericCommand                   0x08003f78   Section        0  timers.o(i.xTimerGenericCommand)
    .constdata                               0x08003fd8   Section       12  ui_main.o(.constdata)
    .constdata                               0x08003fe4   Section       12  ui_mode.o(.constdata)
    .constdata                               0x08003ff0   Section       16  system_stm32f1xx.o(.constdata)
    .constdata                               0x08004000   Section        8  system_stm32f1xx.o(.constdata)
    .data                                    0x20000000   Section        4  main.o(.data)
    AppTask_Handle                           0x20000000   Data           4  main.o(.data)
    .data                                    0x20000004   Section        2  usart.o(.data)
    .data                                    0x20000008   Section        8  lcd.o(.data)
    _hSendMutex                              0x20000008   Data           4  lcd.o(.data)
    _hLcdMutex                               0x2000000c   Data           4  lcd.o(.data)
    .data                                    0x20000010   Section       52  key.o(.data)
    KeyScanTaskHandle                        0x20000010   Data           4  key.o(.data)
    KeyBufferQueueHandle                     0x20000014   Data           4  key.o(.data)
    _hKeyScanMutex                           0x20000018   Data           4  key.o(.data)
    last_key                                 0x2000001c   Data           4  key.o(.data)
    KEY_IN                                   0x20000024   Data          32  key.o(.data)
    .data                                    0x20000044   Section       28  ui.o(.data)
    UIKeyEventTaskHandle                     0x20000044   Data           4  ui.o(.data)
    _hUIMutexMutex                           0x20000048   Data           4  ui.o(.data)
    UIMutexHandle                            0x2000004c   Data           4  ui.o(.data)
    UIStatus                                 0x20000050   Data           6  ui.o(.data)
    .data                                    0x20000060   Section        2  ui_mode.o(.data)
    UIStatus                                 0x20000060   Data           2  ui_mode.o(.data)
    .data                                    0x20000064   Section       12  stm32f1xx_hal.o(.data)
    .data                                    0x20000070   Section        4  system_stm32f1xx.o(.data)
    .data                                    0x20000074   Section       60  tasks.o(.data)
    uxDeletedTasksWaitingCleanUp             0x20000078   Data           4  tasks.o(.data)
    uxCurrentNumberOfTasks                   0x2000007c   Data           4  tasks.o(.data)
    xTickCount                               0x20000080   Data           4  tasks.o(.data)
    uxTopReadyPriority                       0x20000084   Data           4  tasks.o(.data)
    xSchedulerRunning                        0x20000088   Data           4  tasks.o(.data)
    uxPendedTicks                            0x2000008c   Data           4  tasks.o(.data)
    xYieldPending                            0x20000090   Data           4  tasks.o(.data)
    xNumOfOverflows                          0x20000094   Data           4  tasks.o(.data)
    uxTaskNumber                             0x20000098   Data           4  tasks.o(.data)
    xNextTaskUnblockTime                     0x2000009c   Data           4  tasks.o(.data)
    xIdleTaskHandle                          0x200000a0   Data           4  tasks.o(.data)
    uxSchedulerSuspended                     0x200000a4   Data           4  tasks.o(.data)
    pxDelayedTaskList                        0x200000a8   Data           4  tasks.o(.data)
    pxOverflowDelayedTaskList                0x200000ac   Data           4  tasks.o(.data)
    .data                                    0x200000b0   Section       20  timers.o(.data)
    xTimerQueue                              0x200000b0   Data           4  timers.o(.data)
    xTimerTaskHandle                         0x200000b4   Data           4  timers.o(.data)
    xLastTime                                0x200000b8   Data           4  timers.o(.data)
    pxCurrentTimerList                       0x200000bc   Data           4  timers.o(.data)
    pxOverflowTimerList                      0x200000c0   Data           4  timers.o(.data)
    .data                                    0x200000c4   Section       24  heap_4.o(.data)
    pxEnd                                    0x200000c4   Data           4  heap_4.o(.data)
    xFreeBytesRemaining                      0x200000c8   Data           4  heap_4.o(.data)
    xMinimumEverFreeBytesRemaining           0x200000cc   Data           4  heap_4.o(.data)
    xBlockAllocatedBit                       0x200000d0   Data           4  heap_4.o(.data)
    xStart                                   0x200000d4   Data           8  heap_4.o(.data)
    .data                                    0x200000dc   Section       12  port.o(.data)
    ucMaxSysCallPriority                     0x200000dc   Data           1  port.o(.data)
    uxCriticalNesting                        0x200000e0   Data           4  port.o(.data)
    ulMaxPRIGROUPValue                       0x200000e4   Data           4  port.o(.data)
    .data                                    0x200000e8   Section        4  stdout.o(.data)
    .bss                                     0x200000ec   Section      322  usart.o(.bss)
    .bss                                     0x20000230   Section       80  queue.o(.bss)
    .bss                                     0x20000280   Section      300  tasks.o(.bss)
    pxReadyTasksLists                        0x20000280   Data         200  tasks.o(.bss)
    xDelayedTaskList1                        0x20000348   Data          20  tasks.o(.bss)
    xDelayedTaskList2                        0x2000035c   Data          20  tasks.o(.bss)
    xPendingReadyList                        0x20000370   Data          20  tasks.o(.bss)
    xTasksWaitingTermination                 0x20000384   Data          20  tasks.o(.bss)
    xSuspendedTaskList                       0x20000398   Data          20  tasks.o(.bss)
    .bss                                     0x200003ac   Section       40  timers.o(.bss)
    xActiveTimerList1                        0x200003ac   Data          20  timers.o(.bss)
    xActiveTimerList2                        0x200003c0   Data          20  timers.o(.bss)
    .bss                                     0x200003d4   Section    10240  heap_4.o(.bss)
    ucHeap                                   0x200003d4   Data       10240  heap_4.o(.bss)
    STACK                                    0x20002bd8   Section     1024  startup_stm32f103xb.o(STACK)

    Global Symbols

    Symbol Name                              Value     Ov Type        Size  Object(Section)

    BuildAttributes$$THM_ISAv4$P$D$K$B$S$PE$A:L22UL41UL21$X:L11$S22US41US21$IEEE1$IW$USESV6$~STKCKD$USESV7$~SHL$OSPACE$ROPI$EBA8$MICROLIB$REQ8$PRES8$EABIv2 0x00000000   Number         0  anon$$obj.o ABSOLUTE
    __ARM_use_no_argv                        0x00000000   Number         0  main.o ABSOLUTE
    __cpp_initialize__aeabi_                  - Undefined Weak Reference
    __cxa_finalize                            - Undefined Weak Reference
    __decompress                              - Undefined Weak Reference
    _clock_init                               - Undefined Weak Reference
    _microlib_exit                            - Undefined Weak Reference
    __Vectors_Size                           0x000000ec   Number         0  startup_stm32f103xb.o ABSOLUTE
    __Vectors                                0x08000000   Data           4  startup_stm32f103xb.o(RESET)
    __Vectors_End                            0x080000ec   Data           0  startup_stm32f103xb.o(RESET)
    __main                                   0x080000ed   Thumb Code     0  entry.o(.ARM.Collect$$$$00000000)
    _main_stk                                0x080000ed   Thumb Code     0  entry2.o(.ARM.Collect$$$$00000001)
    _main_scatterload                        0x080000f1   Thumb Code     0  entry5.o(.ARM.Collect$$$$00000004)
    __main_after_scatterload                 0x080000f5   Thumb Code     0  entry5.o(.ARM.Collect$$$$00000004)
    _main_clock                              0x080000f5   Thumb Code     0  entry7b.o(.ARM.Collect$$$$00000008)
    _main_cpp_init                           0x080000f5   Thumb Code     0  entry8b.o(.ARM.Collect$$$$0000000A)
    _main_init                               0x080000f5   Thumb Code     0  entry9a.o(.ARM.Collect$$$$0000000B)
    __rt_final_cpp                           0x080000fd   Thumb Code     0  entry10a.o(.ARM.Collect$$$$0000000D)
    __rt_final_exit                          0x080000fd   Thumb Code     0  entry11a.o(.ARM.Collect$$$$0000000F)
    SVC_Handler                              0x08000101   Thumb Code    32  port.o(.emb_text)
    __asm___6_port_c_39a90d8d__prvStartFirstTask 0x08000125   Thumb Code    28  port.o(.emb_text)
    PendSV_Handler                           0x08000145   Thumb Code    72  port.o(.emb_text)
    vPortGetIPSR                             0x08000191   Thumb Code     6  port.o(.emb_text)
    Reset_Handler                            0x08000199   Thumb Code     8  startup_stm32f103xb.o(.text)
    ADC1_2_IRQHandler                        0x080001b3   Thumb Code     0  startup_stm32f103xb.o(.text)
    CAN1_RX1_IRQHandler                      0x080001b3   Thumb Code     0  startup_stm32f103xb.o(.text)
    CAN1_SCE_IRQHandler                      0x080001b3   Thumb Code     0  startup_stm32f103xb.o(.text)
    DMA1_Channel1_IRQHandler                 0x080001b3   Thumb Code     0  startup_stm32f103xb.o(.text)
    DMA1_Channel2_IRQHandler                 0x080001b3   Thumb Code     0  startup_stm32f103xb.o(.text)
    DMA1_Channel3_IRQHandler                 0x080001b3   Thumb Code     0  startup_stm32f103xb.o(.text)
    DMA1_Channel4_IRQHandler                 0x080001b3   Thumb Code     0  startup_stm32f103xb.o(.text)
    DMA1_Channel5_IRQHandler                 0x080001b3   Thumb Code     0  startup_stm32f103xb.o(.text)
    DMA1_Channel7_IRQHandler                 0x080001b3   Thumb Code     0  startup_stm32f103xb.o(.text)
    EXTI0_IRQHandler                         0x080001b3   Thumb Code     0  startup_stm32f103xb.o(.text)
    EXTI15_10_IRQHandler                     0x080001b3   Thumb Code     0  startup_stm32f103xb.o(.text)
    EXTI1_IRQHandler                         0x080001b3   Thumb Code     0  startup_stm32f103xb.o(.text)
    EXTI2_IRQHandler                         0x080001b3   Thumb Code     0  startup_stm32f103xb.o(.text)
    EXTI3_IRQHandler                         0x080001b3   Thumb Code     0  startup_stm32f103xb.o(.text)
    EXTI4_IRQHandler                         0x080001b3   Thumb Code     0  startup_stm32f103xb.o(.text)
    EXTI9_5_IRQHandler                       0x080001b3   Thumb Code     0  startup_stm32f103xb.o(.text)
    FLASH_IRQHandler                         0x080001b3   Thumb Code     0  startup_stm32f103xb.o(.text)
    I2C1_ER_IRQHandler                       0x080001b3   Thumb Code     0  startup_stm32f103xb.o(.text)
    I2C1_EV_IRQHandler                       0x080001b3   Thumb Code     0  startup_stm32f103xb.o(.text)
    I2C2_ER_IRQHandler                       0x080001b3   Thumb Code     0  startup_stm32f103xb.o(.text)
    I2C2_EV_IRQHandler                       0x080001b3   Thumb Code     0  startup_stm32f103xb.o(.text)
    PVD_IRQHandler                           0x080001b3   Thumb Code     0  startup_stm32f103xb.o(.text)
    RCC_IRQHandler                           0x080001b3   Thumb Code     0  startup_stm32f103xb.o(.text)
    RTC_Alarm_IRQHandler                     0x080001b3   Thumb Code     0  startup_stm32f103xb.o(.text)
    RTC_IRQHandler                           0x080001b3   Thumb Code     0  startup_stm32f103xb.o(.text)
    SPI1_IRQHandler                          0x080001b3   Thumb Code     0  startup_stm32f103xb.o(.text)
    SPI2_IRQHandler                          0x080001b3   Thumb Code     0  startup_stm32f103xb.o(.text)
    TAMPER_IRQHandler                        0x080001b3   Thumb Code     0  startup_stm32f103xb.o(.text)
    TIM1_BRK_IRQHandler                      0x080001b3   Thumb Code     0  startup_stm32f103xb.o(.text)
    TIM1_CC_IRQHandler                       0x080001b3   Thumb Code     0  startup_stm32f103xb.o(.text)
    TIM1_TRG_COM_IRQHandler                  0x080001b3   Thumb Code     0  startup_stm32f103xb.o(.text)
    TIM1_UP_IRQHandler                       0x080001b3   Thumb Code     0  startup_stm32f103xb.o(.text)
    TIM2_IRQHandler                          0x080001b3   Thumb Code     0  startup_stm32f103xb.o(.text)
    TIM3_IRQHandler                          0x080001b3   Thumb Code     0  startup_stm32f103xb.o(.text)
    TIM4_IRQHandler                          0x080001b3   Thumb Code     0  startup_stm32f103xb.o(.text)
    USART1_IRQHandler                        0x080001b3   Thumb Code     0  startup_stm32f103xb.o(.text)
    USART3_IRQHandler                        0x080001b3   Thumb Code     0  startup_stm32f103xb.o(.text)
    USBWakeUp_IRQHandler                     0x080001b3   Thumb Code     0  startup_stm32f103xb.o(.text)
    USB_HP_CAN1_TX_IRQHandler                0x080001b3   Thumb Code     0  startup_stm32f103xb.o(.text)
    USB_LP_CAN1_RX0_IRQHandler               0x080001b3   Thumb Code     0  startup_stm32f103xb.o(.text)
    WWDG_IRQHandler                          0x080001b3   Thumb Code     0  startup_stm32f103xb.o(.text)
    __aeabi_llsr                             0x080001bd   Thumb Code    32  llushr.o(.text)
    _ll_ushift_r                             0x080001bd   Thumb Code     0  llushr.o(.text)
    __aeabi_memcpy                           0x080001dd   Thumb Code    36  memcpya.o(.text)
    __aeabi_memcpy4                          0x080001dd   Thumb Code     0  memcpya.o(.text)
    __aeabi_memcpy8                          0x080001dd   Thumb Code     0  memcpya.o(.text)
    __aeabi_memset                           0x08000201   Thumb Code    14  memseta.o(.text)
    __aeabi_memset4                          0x08000201   Thumb Code     0  memseta.o(.text)
    __aeabi_memset8                          0x08000201   Thumb Code     0  memseta.o(.text)
    __aeabi_memclr                           0x0800020f   Thumb Code     4  memseta.o(.text)
    __aeabi_memclr4                          0x0800020f   Thumb Code     0  memseta.o(.text)
    __aeabi_memclr8                          0x0800020f   Thumb Code     0  memseta.o(.text)
    _memset$wrapper                          0x08000213   Thumb Code    18  memseta.o(.text)
    __aeabi_uidiv                            0x08000225   Thumb Code     0  uidiv.o(.text)
    __aeabi_uidivmod                         0x08000225   Thumb Code    44  uidiv.o(.text)
    __aeabi_uldivmod                         0x08000251   Thumb Code    98  uldiv.o(.text)
    __I$use$fp                               0x080002b3   Thumb Code     0  iusefp.o(.text)
    __aeabi_dadd                             0x080002b3   Thumb Code   322  dadd.o(.text)
    __aeabi_dsub                             0x080003f5   Thumb Code     6  dadd.o(.text)
    __aeabi_drsub                            0x080003fb   Thumb Code     6  dadd.o(.text)
    __aeabi_dmul                             0x08000401   Thumb Code   228  dmul.o(.text)
    __aeabi_ddiv                             0x080004e5   Thumb Code   222  ddiv.o(.text)
    __aeabi_d2ulz                            0x080005c3   Thumb Code    48  dfixul.o(.text)
    __aeabi_cdrcmple                         0x080005f5   Thumb Code    48  cdrcmple.o(.text)
    __scatterload                            0x08000625   Thumb Code    28  init.o(.text)
    __scatterload_rt2                        0x08000625   Thumb Code     0  init.o(.text)
    __aeabi_llsl                             0x08000649   Thumb Code    30  llshl.o(.text)
    _ll_shift_l                              0x08000649   Thumb Code     0  llshl.o(.text)
    __aeabi_lasr                             0x08000667   Thumb Code    36  llsshr.o(.text)
    _ll_sshift_r                             0x08000667   Thumb Code     0  llsshr.o(.text)
    _double_round                            0x0800068b   Thumb Code    30  depilogue.o(.text)
    _double_epilogue                         0x080006a9   Thumb Code   156  depilogue.o(.text)
    BusFault_Handler                         0x08000781   Thumb Code     2  stm32f1xx_it.o(i.BusFault_Handler)
    DMA1_Channel6_IRQHandler                 0x08000785   Thumb Code     6  stm32f1xx_it.o(i.DMA1_Channel6_IRQHandler)
    DebugMon_Handler                         0x080007bb   Thumb Code     2  stm32f1xx_it.o(i.DebugMon_Handler)
    Error_Handler                            0x08000819   Thumb Code     2  main.o(i.Error_Handler)
    HAL_DMA_Abort                            0x0800081b   Thumb Code    70  stm32f1xx_hal_dma.o(i.HAL_DMA_Abort)
    HAL_DMA_IRQHandler                       0x08000861   Thumb Code   316  stm32f1xx_hal_dma.o(i.HAL_DMA_IRQHandler)
    HAL_DMA_Init                             0x080009b5   Thumb Code    84  stm32f1xx_hal_dma.o(i.HAL_DMA_Init)
    HAL_DMA_Start_IT                         0x08000a11   Thumb Code   112  stm32f1xx_hal_dma.o(i.HAL_DMA_Start_IT)
    HAL_GPIO_Init                            0x08000a81   Thumb Code   446  stm32f1xx_hal_gpio.o(i.HAL_GPIO_Init)
    HAL_GPIO_ReadPin                         0x08000c61   Thumb Code    10  stm32f1xx_hal_gpio.o(i.HAL_GPIO_ReadPin)
    HAL_GetTick                              0x08000c6d   Thumb Code     6  stm32f1xx_hal.o(i.HAL_GetTick)
    HAL_HalfDuplex_Init                      0x08000c79   Thumb Code   108  stm32f1xx_hal_uart.o(i.HAL_HalfDuplex_Init)
    HAL_IncTick                              0x08000ce5   Thumb Code    12  stm32f1xx_hal.o(i.HAL_IncTick)
    HAL_Init                                 0x08000cf5   Thumb Code    32  stm32f1xx_hal.o(i.HAL_Init)
    HAL_InitTick                             0x08000d19   Thumb Code    54  stm32f1xx_hal.o(i.HAL_InitTick)
    HAL_MspInit                              0x08000d59   Thumb Code    52  stm32f1xx_hal_msp.o(i.HAL_MspInit)
    HAL_NVIC_EnableIRQ                       0x08000d95   Thumb Code    26  stm32f1xx_hal_cortex.o(i.HAL_NVIC_EnableIRQ)
    HAL_NVIC_SetPriority                     0x08000db1   Thumb Code    60  stm32f1xx_hal_cortex.o(i.HAL_NVIC_SetPriority)
    HAL_NVIC_SetPriorityGrouping             0x08000df1   Thumb Code    26  stm32f1xx_hal_cortex.o(i.HAL_NVIC_SetPriorityGrouping)
    HAL_NVIC_SystemReset                     0x08000e15   Thumb Code    26  stm32f1xx_hal_cortex.o(i.HAL_NVIC_SystemReset)
    HAL_RCC_ClockConfig                      0x08000e39   Thumb Code   280  stm32f1xx_hal_rcc.o(i.HAL_RCC_ClockConfig)
    HAL_RCC_GetPCLK1Freq                     0x08000f65   Thumb Code    20  stm32f1xx_hal_rcc.o(i.HAL_RCC_GetPCLK1Freq)
    HAL_RCC_GetPCLK2Freq                     0x08000f85   Thumb Code    20  stm32f1xx_hal_rcc.o(i.HAL_RCC_GetPCLK2Freq)
    HAL_RCC_GetSysClockFreq                  0x08000fa5   Thumb Code    74  stm32f1xx_hal_rcc.o(i.HAL_RCC_GetSysClockFreq)
    HAL_RCC_OscConfig                        0x08001011   Thumb Code   778  stm32f1xx_hal_rcc.o(i.HAL_RCC_OscConfig)
    HAL_SYSTICK_Config                       0x08001331   Thumb Code    40  stm32f1xx_hal_cortex.o(i.HAL_SYSTICK_Config)
    HAL_UARTEx_RxEventCallback               0x08001359   Thumb Code     2  stm32f1xx_hal_uart.o(i.HAL_UARTEx_RxEventCallback)
    HAL_UART_DMAStop                         0x0800135b   Thumb Code    88  stm32f1xx_hal_uart.o(i.HAL_UART_DMAStop)
    HAL_UART_ErrorCallback                   0x080013b3   Thumb Code     2  stm32f1xx_hal_uart.o(i.HAL_UART_ErrorCallback)
    HAL_UART_Init                            0x080013b5   Thumb Code    98  stm32f1xx_hal_uart.o(i.HAL_UART_Init)
    HAL_UART_MspInit                         0x08001419   Thumb Code   284  usart.o(i.HAL_UART_MspInit)
    HAL_UART_Receive_DMA                     0x08001555   Thumb Code    42  stm32f1xx_hal_uart.o(i.HAL_UART_Receive_DMA)
    HAL_UART_RxCpltCallback                  0x0800157f   Thumb Code     2  stm32f1xx_hal_uart.o(i.HAL_UART_RxCpltCallback)
    HAL_UART_RxHalfCpltCallback              0x08001581   Thumb Code     2  stm32f1xx_hal_uart.o(i.HAL_UART_RxHalfCpltCallback)
    HAL_UART_Transmit                        0x08001585   Thumb Code   178  stm32f1xx_hal_uart.o(i.HAL_UART_Transmit)
    HardFault_Handler                        0x08001637   Thumb Code     2  stm32f1xx_it.o(i.HardFault_Handler)
    KEYPAD_Init                              0x08001639   Thumb Code    62  key.o(i.KEYPAD_Init)
    KEY_GPIO_Init                            0x080016c9   Thumb Code   134  key.o(i.KEY_GPIO_Init)
    Key_BufferClear                          0x08001759   Thumb Code    22  key.o(i.Key_BufferClear)
    Key_BufferRead                           0x08001775   Thumb Code    32  key.o(i.Key_BufferRead)
    LCD_Init                                 0x08001799   Thumb Code    32  lcd.o(i.LCD_Init)
    MX_DMA_Init                              0x080017bd   Thumb Code    40  dma.o(i.MX_DMA_Init)
    MX_GPIO_Init                             0x080017e9   Thumb Code    38  gpio.o(i.MX_GPIO_Init)
    MX_USART1_UART_Init                      0x08001815   Thumb Code    48  usart.o(i.MX_USART1_UART_Init)
    MX_USART2_UART_Init                      0x0800184d   Thumb Code    66  usart.o(i.MX_USART2_UART_Init)
    MX_USART3_UART_Init                      0x08001899   Thumb Code    56  usart.o(i.MX_USART3_UART_Init)
    MemManage_Handler                        0x080018d9   Thumb Code     2  stm32f1xx_it.o(i.MemManage_Handler)
    NMI_Handler                              0x080018db   Thumb Code     2  stm32f1xx_it.o(i.NMI_Handler)
    SysTick_Handler                          0x080018dd   Thumb Code    24  stm32f1xx_it.o(i.SysTick_Handler)
    SystemClock_Config                       0x080018f5   Thumb Code    78  main.o(i.SystemClock_Config)
    SystemInit                               0x08001943   Thumb Code     2  system_stm32f1xx.o(i.SystemInit)
    UART_Start_Receive_DMA                   0x08001afd   Thumb Code    98  stm32f1xx_hal_uart.o(i.UART_Start_Receive_DMA)
    UI_Init                                  0x08001d99   Thumb Code    52  ui.o(i.UI_Init)
    UI_OpModeChange                          0x08001de5   Thumb Code    78  ui.o(i.UI_OpModeChange)
    USART2_IRQHandler                        0x08001e39   Thumb Code    72  usart.o(i.USART2_IRQHandler)
    UsageFault_Handler                       0x08001e89   Thumb Code     2  stm32f1xx_it.o(i.UsageFault_Handler)
    __0printf                                0x08001e8d   Thumb Code    22  printfa.o(i.__0printf)
    __1printf                                0x08001e8d   Thumb Code     0  printfa.o(i.__0printf)
    __2printf                                0x08001e8d   Thumb Code     0  printfa.o(i.__0printf)
    __c89printf                              0x08001e8d   Thumb Code     0  printfa.o(i.__0printf)
    printf                                   0x08001e8d   Thumb Code     0  printfa.o(i.__0printf)
    __0vsnprintf                             0x08001ead   Thumb Code    40  printfa.o(i.__0vsnprintf)
    __1vsnprintf                             0x08001ead   Thumb Code     0  printfa.o(i.__0vsnprintf)
    __2vsnprintf                             0x08001ead   Thumb Code     0  printfa.o(i.__0vsnprintf)
    __c89vsnprintf                           0x08001ead   Thumb Code     0  printfa.o(i.__0vsnprintf)
    vsnprintf                                0x08001ead   Thumb Code     0  printfa.o(i.__0vsnprintf)
    __scatterload_copy                       0x08001ef9   Thumb Code    14  handlers.o(i.__scatterload_copy)
    __scatterload_null                       0x08001f07   Thumb Code     2  handlers.o(i.__scatterload_null)
    __scatterload_zeroinit                   0x08001f09   Thumb Code    14  handlers.o(i.__scatterload_zeroinit)
    fputc                                    0x080027e1   Thumb Code    20  usart.o(i.fputc)
    lcdPutShortText                          0x080027f9   Thumb Code   168  lcd.o(i.lcdPutShortText)
    lcdTransform                             0x080028e5   Thumb Code   120  lcd.o(i.lcdTransform)
    main                                     0x0800295d   Thumb Code    74  main.o(i.main)
    pvPortMalloc                             0x080030c5   Thumb Code   210  heap_4.o(i.pvPortMalloc)
    pvTaskIncrementMutexHeldCount            0x0800319d   Thumb Code    18  tasks.o(i.pvTaskIncrementMutexHeldCount)
    pxPortInitialiseStack                    0x080031b5   Thumb Code    32  port.o(i.pxPortInitialiseStack)
    shiftArrayBackward                       0x080031d9   Thumb Code    38  lcd.o(i.shiftArrayBackward)
    uxListRemove                             0x080031ff   Thumb Code    36  list.o(i.uxListRemove)
    vApplicationStackOverflowHook            0x08003223   Thumb Code     4  main.o(i.vApplicationStackOverflowHook)
    vListInitialise                          0x08003227   Thumb Code    22  list.o(i.vListInitialise)
    vListInitialiseItem                      0x0800323d   Thumb Code     6  list.o(i.vListInitialiseItem)
    vListInsert                              0x08003243   Thumb Code    48  list.o(i.vListInsert)
    vListInsertEnd                           0x08003273   Thumb Code    24  list.o(i.vListInsertEnd)
    vPortEnterCritical                       0x0800328d   Thumb Code    54  port.o(i.vPortEnterCritical)
    vPortExitCritical                        0x080032cd   Thumb Code    34  port.o(i.vPortExitCritical)
    vPortFree                                0x080032f5   Thumb Code    88  heap_4.o(i.vPortFree)
    vPortSetupTimerInterrupt                 0x08003351   Thumb Code    26  port.o(i.vPortSetupTimerInterrupt)
    vPortValidateInterruptPriority           0x08003371   Thumb Code    74  port.o(i.vPortValidateInterruptPriority)
    vQueueAddToRegistry                      0x080033c5   Thumb Code    34  queue.o(i.vQueueAddToRegistry)
    vQueueWaitForMessageRestricted           0x080033ed   Thumb Code    68  queue.o(i.vQueueWaitForMessageRestricted)
    vTaskDelay                               0x08003431   Thumb Code    66  tasks.o(i.vTaskDelay)
    vTaskMissedYield                         0x0800347d   Thumb Code     8  tasks.o(i.vTaskMissedYield)
    vTaskPlaceOnEventList                    0x08003489   Thumb Code    44  tasks.o(i.vTaskPlaceOnEventList)
    vTaskPlaceOnEventListRestricted          0x080034b9   Thumb Code    52  tasks.o(i.vTaskPlaceOnEventListRestricted)
    vTaskPriorityInherit                     0x080034f1   Thumb Code   124  tasks.o(i.vTaskPriorityInherit)
    vTaskSetTimeOutState                     0x08003575   Thumb Code    30  tasks.o(i.vTaskSetTimeOutState)
    vTaskStartScheduler                      0x08003599   Thumb Code    96  tasks.o(i.vTaskStartScheduler)
    vTaskSuspendAll                          0x08003609   Thumb Code    10  tasks.o(i.vTaskSuspendAll)
    vTaskSwitchContext                       0x08003619   Thumb Code   106  tasks.o(i.vTaskSwitchContext)
    xPortStartScheduler                      0x0800368d   Thumb Code   102  port.o(i.xPortStartScheduler)
    xPortSysTickHandler                      0x08003701   Thumb Code    38  port.o(i.xPortSysTickHandler)
    xQueueCreateMutex                        0x0800372d   Thumb Code    36  queue.o(i.xQueueCreateMutex)
    xQueueGenericCreate                      0x08003751   Thumb Code    72  queue.o(i.xQueueGenericCreate)
    xQueueGenericReceive                     0x08003799   Thumb Code   360  queue.o(i.xQueueGenericReceive)
    xQueueGenericReset                       0x08003905   Thumb Code   132  queue.o(i.xQueueGenericReset)
    xQueueGenericSend                        0x0800398d   Thumb Code   346  queue.o(i.xQueueGenericSend)
    xQueueGenericSendFromISR                 0x08003aed   Thumb Code   188  queue.o(i.xQueueGenericSendFromISR)
    xTaskCheckForTimeOut                     0x08003ba9   Thumb Code   102  tasks.o(i.xTaskCheckForTimeOut)
    xTaskCreate                              0x08003c15   Thumb Code    86  tasks.o(i.xTaskCreate)
    xTaskGetSchedulerState                   0x08003c6d   Thumb Code    22  tasks.o(i.xTaskGetSchedulerState)
    xTaskGetTickCount                        0x08003c89   Thumb Code     6  tasks.o(i.xTaskGetTickCount)
    xTaskIncrementTick                       0x08003c95   Thumb Code   192  tasks.o(i.xTaskIncrementTick)
    xTaskPriorityDisinherit                  0x08003d5d   Thumb Code   144  tasks.o(i.xTaskPriorityDisinherit)
    xTaskRemoveFromEventList                 0x08003df5   Thumb Code   108  tasks.o(i.xTaskRemoveFromEventList)
    xTaskResumeAll                           0x08003e69   Thumb Code   182  tasks.o(i.xTaskResumeAll)
    xTimerCreateTimerTask                    0x08003f2d   Thumb Code    58  timers.o(i.xTimerCreateTimerTask)
    xTimerGenericCommand                     0x08003f79   Thumb Code    92  timers.o(i.xTimerGenericCommand)
    UIHandle_Main                            0x08003fd8   Data          12  ui_main.o(.constdata)
    UIHandle_MODEConfig                      0x08003fe4   Data          12  ui_mode.o(.constdata)
    AHBPrescTable                            0x08003ff0   Data          16  system_stm32f1xx.o(.constdata)
    APBPrescTable                            0x08004000   Data           8  system_stm32f1xx.o(.constdata)
    Region$$Table$$Base                      0x08004008   Number         0  anon$$obj.o(Region$$Table)
    Region$$Table$$Limit                     0x08004028   Number         0  anon$$obj.o(Region$$Table)
    USART2_RX_STA                            0x20000004   Data           2  usart.o(.data)
    key                                      0x20000020   Data           4  key.o(.data)
    OpmodeTable                              0x20000058   Data           8  ui.o(.data)
    uwTickFreq                               0x20000064   Data           1  stm32f1xx_hal.o(.data)
    uwTickPrio                               0x20000068   Data           4  stm32f1xx_hal.o(.data)
    uwTick                                   0x2000006c   Data           4  stm32f1xx_hal.o(.data)
    SystemCoreClock                          0x20000070   Data           4  system_stm32f1xx.o(.data)
    pxCurrentTCB                             0x20000074   Data           4  tasks.o(.data)
    __stdout                                 0x200000e8   Data           4  stdout.o(.data)
    huart1                                   0x200000ec   Data          68  usart.o(.bss)
    huart2                                   0x20000130   Data          68  usart.o(.bss)
    huart3                                   0x20000174   Data          68  usart.o(.bss)
    hdma_usart2_rx                           0x200001b8   Data          68  usart.o(.bss)
    USART2_RX_BUF                            0x200001fc   Data          50  usart.o(.bss)
    xQueueRegistry                           0x20000230   Data          80  queue.o(.bss)
    __initial_sp                             0x20002fd8   Data           0  startup_stm32f103xb.o(STACK)



==============================================================================

Memory Map of the image

  Image Entry point : 0x080000ed

  Load Region LR_IROM1 (Base: 0x08000000, Size: 0x00004114, Max: 0x00010000, ABSOLUTE)

    Execution Region ER_IROM1 (Exec base: 0x08000000, Load base: 0x08000000, Size: 0x00004028, Max: 0x00010000, ABSOLUTE)

    Exec Addr    Load Addr    Size         Type   Attr      Idx    E Section Name        Object

    0x08000000   0x08000000   0x000000ec   Data   RO            3    RESET               startup_stm32f103xb.o
    0x080000ec   0x080000ec   0x00000000   Code   RO         3036  * .ARM.Collect$$$$00000000  mc_w.l(entry.o)
    0x080000ec   0x080000ec   0x00000004   Code   RO         3307    .ARM.Collect$$$$00000001  mc_w.l(entry2.o)
    0x080000f0   0x080000f0   0x00000004   Code   RO         3310    .ARM.Collect$$$$00000004  mc_w.l(entry5.o)
    0x080000f4   0x080000f4   0x00000000   Code   RO         3312    .ARM.Collect$$$$00000008  mc_w.l(entry7b.o)
    0x080000f4   0x080000f4   0x00000000   Code   RO         3314    .ARM.Collect$$$$0000000A  mc_w.l(entry8b.o)
    0x080000f4   0x080000f4   0x00000008   Code   RO         3315    .ARM.Collect$$$$0000000B  mc_w.l(entry9a.o)
    0x080000fc   0x080000fc   0x00000000   Code   RO         3317    .ARM.Collect$$$$0000000D  mc_w.l(entry10a.o)
    0x080000fc   0x080000fc   0x00000000   Code   RO         3319    .ARM.Collect$$$$0000000F  mc_w.l(entry11a.o)
    0x080000fc   0x080000fc   0x00000004   Code   RO         3308    .ARM.Collect$$$$00002712  mc_w.l(entry2.o)
    0x08000100   0x08000100   0x00000096   Code   RO         2959    .emb_text           port.o
    0x08000196   0x08000196   0x00000002   PAD
    0x08000198   0x08000198   0x00000024   Code   RO            4    .text               startup_stm32f103xb.o
    0x080001bc   0x080001bc   0x00000020   Code   RO         3039    .text               mc_w.l(llushr.o)
    0x080001dc   0x080001dc   0x00000024   Code   RO         3041    .text               mc_w.l(memcpya.o)
    0x08000200   0x08000200   0x00000024   Code   RO         3043    .text               mc_w.l(memseta.o)
    0x08000224   0x08000224   0x0000002c   Code   RO         3322    .text               mc_w.l(uidiv.o)
    0x08000250   0x08000250   0x00000062   Code   RO         3324    .text               mc_w.l(uldiv.o)
    0x080002b2   0x080002b2   0x00000000   Code   RO         3326    .text               mc_w.l(iusefp.o)
    0x080002b2   0x080002b2   0x0000014e   Code   RO         3327    .text               mf_w.l(dadd.o)
    0x08000400   0x08000400   0x000000e4   Code   RO         3329    .text               mf_w.l(dmul.o)
    0x080004e4   0x080004e4   0x000000de   Code   RO         3331    .text               mf_w.l(ddiv.o)
    0x080005c2   0x080005c2   0x00000030   Code   RO         3333    .text               mf_w.l(dfixul.o)
    0x080005f2   0x080005f2   0x00000002   PAD
    0x080005f4   0x080005f4   0x00000030   Code   RO         3335    .text               mf_w.l(cdrcmple.o)
    0x08000624   0x08000624   0x00000024   Code   RO         3337    .text               mc_w.l(init.o)
    0x08000648   0x08000648   0x0000001e   Code   RO         3339    .text               mc_w.l(llshl.o)
    0x08000666   0x08000666   0x00000024   Code   RO         3341    .text               mc_w.l(llsshr.o)
    0x0800068a   0x0800068a   0x000000ba   Code   RO         3343    .text               mf_w.l(depilogue.o)
    0x08000744   0x08000744   0x0000003c   Code   RO           13    i.AppTask           main.o
    0x08000780   0x08000780   0x00000002   Code   RO          309    i.BusFault_Handler  stm32f1xx_it.o
    0x08000782   0x08000782   0x00000002   PAD
    0x08000784   0x08000784   0x0000000c   Code   RO          310    i.DMA1_Channel6_IRQHandler  stm32f1xx_it.o
    0x08000790   0x08000790   0x0000002a   Code   RO         1559    i.DMA_SetConfig     stm32f1xx_hal_dma.o
    0x080007ba   0x080007ba   0x00000002   Code   RO          311    i.DebugMon_Handler  stm32f1xx_it.o
    0x080007bc   0x080007bc   0x0000005c   Code   RO          483    i.DetectKeyPress    key.o
    0x08000818   0x08000818   0x00000002   Code   RO           14    i.Error_Handler     main.o
    0x0800081a   0x0800081a   0x00000046   Code   RO         1560    i.HAL_DMA_Abort     stm32f1xx_hal_dma.o
    0x08000860   0x08000860   0x00000154   Code   RO         1565    i.HAL_DMA_IRQHandler  stm32f1xx_hal_dma.o
    0x080009b4   0x080009b4   0x0000005c   Code   RO         1566    i.HAL_DMA_Init      stm32f1xx_hal_dma.o
    0x08000a10   0x08000a10   0x00000070   Code   RO         1570    i.HAL_DMA_Start_IT  stm32f1xx_hal_dma.o
    0x08000a80   0x08000a80   0x000001e0   Code   RO         1496    i.HAL_GPIO_Init     stm32f1xx_hal_gpio.o
    0x08000c60   0x08000c60   0x0000000a   Code   RO         1498    i.HAL_GPIO_ReadPin  stm32f1xx_hal_gpio.o
    0x08000c6a   0x08000c6a   0x00000002   PAD
    0x08000c6c   0x08000c6c   0x0000000c   Code   RO         1192    i.HAL_GetTick       stm32f1xx_hal.o
    0x08000c78   0x08000c78   0x0000006c   Code   RO          826    i.HAL_HalfDuplex_Init  stm32f1xx_hal_uart.o
    0x08000ce4   0x08000ce4   0x00000010   Code   RO         1198    i.HAL_IncTick       stm32f1xx_hal.o
    0x08000cf4   0x08000cf4   0x00000024   Code   RO         1199    i.HAL_Init          stm32f1xx_hal.o
    0x08000d18   0x08000d18   0x00000040   Code   RO         1200    i.HAL_InitTick      stm32f1xx_hal.o
    0x08000d58   0x08000d58   0x0000003c   Code   RO          379    i.HAL_MspInit       stm32f1xx_hal_msp.o
    0x08000d94   0x08000d94   0x0000001a   Code   RO         1656    i.HAL_NVIC_EnableIRQ  stm32f1xx_hal_cortex.o
    0x08000dae   0x08000dae   0x00000002   PAD
    0x08000db0   0x08000db0   0x00000040   Code   RO         1662    i.HAL_NVIC_SetPriority  stm32f1xx_hal_cortex.o
    0x08000df0   0x08000df0   0x00000024   Code   RO         1663    i.HAL_NVIC_SetPriorityGrouping  stm32f1xx_hal_cortex.o
    0x08000e14   0x08000e14   0x00000024   Code   RO         1664    i.HAL_NVIC_SystemReset  stm32f1xx_hal_cortex.o
    0x08000e38   0x08000e38   0x0000012c   Code   RO         1356    i.HAL_RCC_ClockConfig  stm32f1xx_hal_rcc.o
    0x08000f64   0x08000f64   0x00000020   Code   RO         1363    i.HAL_RCC_GetPCLK1Freq  stm32f1xx_hal_rcc.o
    0x08000f84   0x08000f84   0x00000020   Code   RO         1364    i.HAL_RCC_GetPCLK2Freq  stm32f1xx_hal_rcc.o
    0x08000fa4   0x08000fa4   0x0000006c   Code   RO         1365    i.HAL_RCC_GetSysClockFreq  stm32f1xx_hal_rcc.o
    0x08001010   0x08001010   0x00000320   Code   RO         1368    i.HAL_RCC_OscConfig  stm32f1xx_hal_rcc.o
    0x08001330   0x08001330   0x00000028   Code   RO         1667    i.HAL_SYSTICK_Config  stm32f1xx_hal_cortex.o
    0x08001358   0x08001358   0x00000002   Code   RO          835    i.HAL_UARTEx_RxEventCallback  stm32f1xx_hal_uart.o
    0x0800135a   0x0800135a   0x00000058   Code   RO          847    i.HAL_UART_DMAStop  stm32f1xx_hal_uart.o
    0x080013b2   0x080013b2   0x00000002   Code   RO          849    i.HAL_UART_ErrorCallback  stm32f1xx_hal_uart.o
    0x080013b4   0x080013b4   0x00000062   Code   RO          853    i.HAL_UART_Init     stm32f1xx_hal_uart.o
    0x08001416   0x08001416   0x00000002   PAD
    0x08001418   0x08001418   0x0000013c   Code   RO          243    i.HAL_UART_MspInit  usart.o
    0x08001554   0x08001554   0x0000002a   Code   RO          857    i.HAL_UART_Receive_DMA  stm32f1xx_hal_uart.o
    0x0800157e   0x0800157e   0x00000002   Code   RO          859    i.HAL_UART_RxCpltCallback  stm32f1xx_hal_uart.o
    0x08001580   0x08001580   0x00000002   Code   RO          860    i.HAL_UART_RxHalfCpltCallback  stm32f1xx_hal_uart.o
    0x08001582   0x08001582   0x00000002   PAD
    0x08001584   0x08001584   0x000000b2   Code   RO          861    i.HAL_UART_Transmit  stm32f1xx_hal_uart.o
    0x08001636   0x08001636   0x00000002   Code   RO          312    i.HardFault_Handler  stm32f1xx_it.o
    0x08001638   0x08001638   0x00000050   Code   RO          484    i.KEYPAD_Init       key.o
    0x08001688   0x08001688   0x00000040   Code   RO          485    i.KEYPAD_Scan_Task  key.o
    0x080016c8   0x080016c8   0x00000090   Code   RO          486    i.KEY_GPIO_Init     key.o
    0x08001758   0x08001758   0x0000001c   Code   RO          487    i.Key_BufferClear   key.o
    0x08001774   0x08001774   0x00000024   Code   RO          488    i.Key_BufferRead    key.o
    0x08001798   0x08001798   0x00000024   Code   RO          427    i.LCD_Init          lcd.o
    0x080017bc   0x080017bc   0x0000002c   Code   RO          403    i.MX_DMA_Init       dma.o
    0x080017e8   0x080017e8   0x0000002c   Code   RO          214    i.MX_GPIO_Init      gpio.o
    0x08001814   0x08001814   0x00000038   Code   RO          244    i.MX_USART1_UART_Init  usart.o
    0x0800184c   0x0800184c   0x0000004c   Code   RO          245    i.MX_USART2_UART_Init  usart.o
    0x08001898   0x08001898   0x00000040   Code   RO          246    i.MX_USART3_UART_Init  usart.o
    0x080018d8   0x080018d8   0x00000002   Code   RO          313    i.MemManage_Handler  stm32f1xx_it.o
    0x080018da   0x080018da   0x00000002   Code   RO          314    i.NMI_Handler       stm32f1xx_it.o
    0x080018dc   0x080018dc   0x00000018   Code   RO          315    i.SysTick_Handler   stm32f1xx_it.o
    0x080018f4   0x080018f4   0x0000004e   Code   RO           15    i.SystemClock_Config  main.o
    0x08001942   0x08001942   0x00000002   Code   RO         2157    i.SystemInit        system_stm32f1xx.o
    0x08001944   0x08001944   0x0000004a   Code   RO          867    i.UART_DMAError     stm32f1xx_hal_uart.o
    0x0800198e   0x0800198e   0x0000005a   Code   RO          868    i.UART_DMAReceiveCplt  stm32f1xx_hal_uart.o
    0x080019e8   0x080019e8   0x0000001a   Code   RO          870    i.UART_DMARxHalfCplt  stm32f1xx_hal_uart.o
    0x08001a02   0x08001a02   0x00000030   Code   RO          876    i.UART_EndRxTransfer  stm32f1xx_hal_uart.o
    0x08001a32   0x08001a32   0x00000012   Code   RO          877    i.UART_EndTxTransfer  stm32f1xx_hal_uart.o
    0x08001a44   0x08001a44   0x000000b8   Code   RO          879    i.UART_SetConfig    stm32f1xx_hal_uart.o
    0x08001afc   0x08001afc   0x00000070   Code   RO          880    i.UART_Start_Receive_DMA  stm32f1xx_hal_uart.o
    0x08001b6c   0x08001b6c   0x00000064   Code   RO          882    i.UART_WaitOnFlagUntilTimeout  stm32f1xx_hal_uart.o
    0x08001bd0   0x08001bd0   0x00000014   Code   RO          590    i.UIInit            ui_main.o
    0x08001be4   0x08001be4   0x00000028   Code   RO          627    i.UIInit            ui_mode.o
    0x08001c0c   0x08001c0c   0x00000074   Code   RO          591    i.UIKeyEvent        ui_main.o
    0x08001c80   0x08001c80   0x0000009c   Code   RO          628    i.UIKeyEvent        ui_mode.o
    0x08001d1c   0x08001d1c   0x0000005c   Code   RO          541    i.UIKeyEventTask    ui.o
    0x08001d78   0x08001d78   0x00000020   Code   RO          629    i.UI_ConfigPageRefresh  ui_mode.o
    0x08001d98   0x08001d98   0x0000004c   Code   RO          542    i.UI_Init           ui.o
    0x08001de4   0x08001de4   0x00000054   Code   RO          543    i.UI_OpModeChange   ui.o
    0x08001e38   0x08001e38   0x00000050   Code   RO          247    i.USART2_IRQHandler  usart.o
    0x08001e88   0x08001e88   0x00000002   Code   RO          316    i.UsageFault_Handler  stm32f1xx_it.o
    0x08001e8a   0x08001e8a   0x00000002   PAD
    0x08001e8c   0x08001e8c   0x00000020   Code   RO         3280    i.__0printf         mc_w.l(printfa.o)
    0x08001eac   0x08001eac   0x0000002c   Code   RO         3285    i.__0vsnprintf      mc_w.l(printfa.o)
    0x08001ed8   0x08001ed8   0x00000020   Code   RO         1669    i.__NVIC_SetPriority  stm32f1xx_hal_cortex.o
    0x08001ef8   0x08001ef8   0x0000000e   Code   RO         3347    i.__scatterload_copy  mc_w.l(handlers.o)
    0x08001f06   0x08001f06   0x00000002   Code   RO         3348    i.__scatterload_null  mc_w.l(handlers.o)
    0x08001f08   0x08001f08   0x0000000e   Code   RO         3349    i.__scatterload_zeroinit  mc_w.l(handlers.o)
    0x08001f16   0x08001f16   0x00000002   PAD
    0x08001f18   0x08001f18   0x00000184   Code   RO         3287    i._fp_digits        mc_w.l(printfa.o)
    0x0800209c   0x0800209c   0x000006dc   Code   RO         3288    i._printf_core      mc_w.l(printfa.o)
    0x08002778   0x08002778   0x00000024   Code   RO         3289    i._printf_post_padding  mc_w.l(printfa.o)
    0x0800279c   0x0800279c   0x0000002e   Code   RO         3290    i._printf_pre_padding  mc_w.l(printfa.o)
    0x080027ca   0x080027ca   0x00000016   Code   RO         3291    i._snputc           mc_w.l(printfa.o)
    0x080027e0   0x080027e0   0x00000018   Code   RO          248    i.fputc             usart.o
    0x080027f8   0x080027f8   0x000000ac   Code   RO          428    i.lcdPutShortText   lcd.o
    0x080028a4   0x080028a4   0x00000040   Code   RO          429    i.lcdSendByte       lcd.o
    0x080028e4   0x080028e4   0x00000078   Code   RO          430    i.lcdTransform      lcd.o
    0x0800295c   0x0800295c   0x00000064   Code   RO           16    i.main              main.o
    0x080029c0   0x080029c0   0x00000070   Code   RO         2509    i.prvAddCurrentTaskToDelayedList  tasks.o
    0x08002a30   0x08002a30   0x000000d0   Code   RO         2510    i.prvAddNewTaskToReadyList  tasks.o
    0x08002b00   0x08002b00   0x00000050   Code   RO         2795    i.prvCheckForValidListAndQueue  timers.o
    0x08002b50   0x08002b50   0x00000050   Code   RO         2511    i.prvCheckTasksWaitingTermination  tasks.o
    0x08002ba0   0x08002ba0   0x00000026   Code   RO         2354    i.prvCopyDataFromQueue  queue.o
    0x08002bc6   0x08002bc6   0x0000006c   Code   RO         2355    i.prvCopyDataToQueue  queue.o
    0x08002c32   0x08002c32   0x00000014   Code   RO         2512    i.prvDeleteTCB      tasks.o
    0x08002c46   0x08002c46   0x00000002   PAD
    0x08002c48   0x08002c48   0x0000004c   Code   RO         2910    i.prvHeapInit       heap_4.o
    0x08002c94   0x08002c94   0x00000028   Code   RO         2513    i.prvIdleTask       tasks.o
    0x08002cbc   0x08002cbc   0x0000008e   Code   RO         2514    i.prvInitialiseNewTask  tasks.o
    0x08002d4a   0x08002d4a   0x00000002   PAD
    0x08002d4c   0x08002d4c   0x0000004c   Code   RO         2911    i.prvInsertBlockIntoFreeList  heap_4.o
    0x08002d98   0x08002d98   0x00000038   Code   RO         2796    i.prvInsertTimerInActiveList  timers.o
    0x08002dd0   0x08002dd0   0x0000001c   Code   RO         2356    i.prvIsQueueEmpty   queue.o
    0x08002dec   0x08002dec   0x000000b8   Code   RO         2797    i.prvProcessReceivedCommands  timers.o
    0x08002ea4   0x08002ea4   0x000000b4   Code   RO         2798    i.prvProcessTimerOrBlockTask  timers.o
    0x08002f58   0x08002f58   0x00000020   Code   RO         2515    i.prvResetNextTaskUnblockTime  tasks.o
    0x08002f78   0x08002f78   0x00000028   Code   RO         2799    i.prvSampleTimeNow  timers.o
    0x08002fa0   0x08002fa0   0x0000006c   Code   RO         2800    i.prvSwitchTimerLists  timers.o
    0x0800300c   0x0800300c   0x00000028   Code   RO         2960    i.prvTaskExitError  port.o
    0x08003034   0x08003034   0x00000024   Code   RO         2801    i.prvTimerTask      timers.o
    0x08003058   0x08003058   0x0000006a   Code   RO         2357    i.prvUnlockQueue    queue.o
    0x080030c2   0x080030c2   0x00000002   PAD
    0x080030c4   0x080030c4   0x000000d8   Code   RO         2912    i.pvPortMalloc      heap_4.o
    0x0800319c   0x0800319c   0x00000018   Code   RO         2517    i.pvTaskIncrementMutexHeldCount  tasks.o
    0x080031b4   0x080031b4   0x00000024   Code   RO         2961    i.pxPortInitialiseStack  port.o
    0x080031d8   0x080031d8   0x00000026   Code   RO          431    i.shiftArrayBackward  lcd.o
    0x080031fe   0x080031fe   0x00000024   Code   RO         2317    i.uxListRemove      list.o
    0x08003222   0x08003222   0x00000004   Code   RO           17    i.vApplicationStackOverflowHook  main.o
    0x08003226   0x08003226   0x00000016   Code   RO         2318    i.vListInitialise   list.o
    0x0800323c   0x0800323c   0x00000006   Code   RO         2319    i.vListInitialiseItem  list.o
    0x08003242   0x08003242   0x00000030   Code   RO         2320    i.vListInsert       list.o
    0x08003272   0x08003272   0x00000018   Code   RO         2321    i.vListInsertEnd    list.o
    0x0800328a   0x0800328a   0x00000002   PAD
    0x0800328c   0x0800328c   0x00000040   Code   RO         2963    i.vPortEnterCritical  port.o
    0x080032cc   0x080032cc   0x00000028   Code   RO         2964    i.vPortExitCritical  port.o
    0x080032f4   0x080032f4   0x0000005c   Code   RO         2913    i.vPortFree         heap_4.o
    0x08003350   0x08003350   0x00000020   Code   RO         2965    i.vPortSetupTimerInterrupt  port.o
    0x08003370   0x08003370   0x00000054   Code   RO         2966    i.vPortValidateInterruptPriority  port.o
    0x080033c4   0x080033c4   0x00000028   Code   RO         2361    i.vQueueAddToRegistry  queue.o
    0x080033ec   0x080033ec   0x00000044   Code   RO         2364    i.vQueueWaitForMessageRestricted  queue.o
    0x08003430   0x08003430   0x0000004c   Code   RO         2523    i.vTaskDelay        tasks.o
    0x0800347c   0x0800347c   0x0000000c   Code   RO         2526    i.vTaskMissedYield  tasks.o
    0x08003488   0x08003488   0x00000030   Code   RO         2528    i.vTaskPlaceOnEventList  tasks.o
    0x080034b8   0x080034b8   0x00000038   Code   RO         2529    i.vTaskPlaceOnEventListRestricted  tasks.o
    0x080034f0   0x080034f0   0x00000084   Code   RO         2531    i.vTaskPriorityInherit  tasks.o
    0x08003574   0x08003574   0x00000024   Code   RO         2534    i.vTaskSetTimeOutState  tasks.o
    0x08003598   0x08003598   0x00000070   Code   RO         2535    i.vTaskStartScheduler  tasks.o
    0x08003608   0x08003608   0x00000010   Code   RO         2537    i.vTaskSuspendAll   tasks.o
    0x08003618   0x08003618   0x00000074   Code   RO         2538    i.vTaskSwitchContext  tasks.o
    0x0800368c   0x0800368c   0x00000074   Code   RO         2967    i.xPortStartScheduler  port.o
    0x08003700   0x08003700   0x0000002c   Code   RO         2968    i.xPortSysTickHandler  port.o
    0x0800372c   0x0800372c   0x00000024   Code   RO         2366    i.xQueueCreateMutex  queue.o
    0x08003750   0x08003750   0x00000048   Code   RO         2367    i.xQueueGenericCreate  queue.o
    0x08003798   0x08003798   0x0000016c   Code   RO         2368    i.xQueueGenericReceive  queue.o
    0x08003904   0x08003904   0x00000088   Code   RO         2369    i.xQueueGenericReset  queue.o
    0x0800398c   0x0800398c   0x00000160   Code   RO         2370    i.xQueueGenericSend  queue.o
    0x08003aec   0x08003aec   0x000000bc   Code   RO         2371    i.xQueueGenericSendFromISR  queue.o
    0x08003ba8   0x08003ba8   0x0000006c   Code   RO         2539    i.xTaskCheckForTimeOut  tasks.o
    0x08003c14   0x08003c14   0x00000056   Code   RO         2540    i.xTaskCreate       tasks.o
    0x08003c6a   0x08003c6a   0x00000002   PAD
    0x08003c6c   0x08003c6c   0x0000001c   Code   RO         2544    i.xTaskGetSchedulerState  tasks.o
    0x08003c88   0x08003c88   0x0000000c   Code   RO         2545    i.xTaskGetTickCount  tasks.o
    0x08003c94   0x08003c94   0x000000c8   Code   RO         2547    i.xTaskIncrementTick  tasks.o
    0x08003d5c   0x08003d5c   0x00000098   Code   RO         2550    i.xTaskPriorityDisinherit  tasks.o
    0x08003df4   0x08003df4   0x00000074   Code   RO         2551    i.xTaskRemoveFromEventList  tasks.o
    0x08003e68   0x08003e68   0x000000c4   Code   RO         2553    i.xTaskResumeAll    tasks.o
    0x08003f2c   0x08003f2c   0x0000004c   Code   RO         2805    i.xTimerCreateTimerTask  timers.o
    0x08003f78   0x08003f78   0x00000060   Code   RO         2806    i.xTimerGenericCommand  timers.o
    0x08003fd8   0x08003fd8   0x0000000c   Data   RO          592    .constdata          ui_main.o
    0x08003fe4   0x08003fe4   0x0000000c   Data   RO          630    .constdata          ui_mode.o
    0x08003ff0   0x08003ff0   0x00000010   Data   RO         2158    .constdata          system_stm32f1xx.o
    0x08004000   0x08004000   0x00000008   Data   RO         2159    .constdata          system_stm32f1xx.o
    0x08004008   0x08004008   0x00000020   Data   RO         3345    Region$$Table       anon$$obj.o


    Execution Region RW_IRAM1 (Exec base: 0x20000000, Load base: 0x08004028, Size: 0x00002fd8, Max: 0x00005000, ABSOLUTE)

    Exec Addr    Load Addr    Size         Type   Attr      Idx    E Section Name        Object

    0x20000000   0x08004028   0x00000004   Data   RW           18    .data               main.o
    0x20000004   0x0800402c   0x00000002   Data   RW          250    .data               usart.o
    0x20000006   0x0800402e   0x00000002   PAD
    0x20000008   0x08004030   0x00000008   Data   RW          432    .data               lcd.o
    0x20000010   0x08004038   0x00000034   Data   RW          489    .data               key.o
    0x20000044   0x0800406c   0x0000001c   Data   RW          544    .data               ui.o
    0x20000060   0x08004088   0x00000002   Data   RW          631    .data               ui_mode.o
    0x20000062   0x0800408a   0x00000002   PAD
    0x20000064   0x0800408c   0x0000000c   Data   RW         1206    .data               stm32f1xx_hal.o
    0x20000070   0x08004098   0x00000004   Data   RW         2160    .data               system_stm32f1xx.o
    0x20000074   0x0800409c   0x0000003c   Data   RW         2556    .data               tasks.o
    0x200000b0   0x080040d8   0x00000014   Data   RW         2812    .data               timers.o
    0x200000c4   0x080040ec   0x00000018   Data   RW         2918    .data               heap_4.o
    0x200000dc   0x08004104   0x0000000c   Data   RW         2969    .data               port.o
    0x200000e8   0x08004110   0x00000004   Data   RW         3321    .data               mc_w.l(stdout.o)
    0x200000ec        -       0x00000142   Zero   RW          249    .bss                usart.o
    0x2000022e   0x08004114   0x00000002   PAD
    0x20000230        -       0x00000050   Zero   RW         2377    .bss                queue.o
    0x20000280        -       0x0000012c   Zero   RW         2555    .bss                tasks.o
    0x200003ac        -       0x00000028   Zero   RW         2811    .bss                timers.o
    0x200003d4        -       0x00002800   Zero   RW         2917    .bss                heap_4.o
    0x20002bd4   0x08004114   0x00000004   PAD
    0x20002bd8        -       0x00000400   Zero   RW            1    STACK               startup_stm32f103xb.o


==============================================================================

Image component sizes


      Code (inc. data)   RO Data    RW Data    ZI Data      Debug   Object Name

         0          0          0          0          0       4676   croutine.o
        44          4          0          0          0        734   dma.o
         0          0          0          0          0      11800   event_groups.o
        44          6          0          0          0       1632   gpio.o
       460         24          0         24      10240       4223   heap_4.o
       444         46          0         52          0       4947   key.o
       430         50          0          8          0       4681   lcd.o
       136          0          0          0          0       2926   list.o
       244         48          0          4          0     410417   main.o
       606         72          0         12          0      10129   port.o
      1536         20          0          0         80      15789   queue.o
        36          8        236          0       1024        792   startup_stm32f103xb.o
       128         24          0         12          0       5221   stm32f1xx_hal.o
       234         24          0          0          0      29454   stm32f1xx_hal_cortex.o
       656         32          0          0          0       4199   stm32f1xx_hal_dma.o
       490         34          0          0          0       2855   stm32f1xx_hal_gpio.o
        60          8          0          0          0        850   stm32f1xx_hal_msp.o
      1272        100          0          0          0       5124   stm32f1xx_hal_rcc.o
      1174         20          0          0          0      11543   stm32f1xx_hal_uart.o
        48          6          0          0          0       3450   stm32f1xx_it.o
         2          0         24          4          0       1083   system_stm32f1xx.o
      2160        182          0         60        300      20835   tasks.o
       856         80          0         20         40      16347   timers.o
       252         34          0         28          0       2914   ui.o
       136         74         12          0          0       1760   ui_main.o
       228         92         12          2          0       2094   ui_mode.o
       616         70          0          2        322       4111   usart.o

    ----------------------------------------------------------------------
     12316       1058        316        232      12012     584586   Object Totals
         0          0         32          0          0          0   (incl. Generated)
        24          0          0          4          6          0   (incl. Padding)

    ----------------------------------------------------------------------

      Code (inc. data)   RO Data    RW Data    ZI Data      Debug   Library Member Name

         0          0          0          0          0          0   entry.o
         0          0          0          0          0          0   entry10a.o
         0          0          0          0          0          0   entry11a.o
         8          4          0          0          0          0   entry2.o
         4          0          0          0          0          0   entry5.o
         0          0          0          0          0          0   entry7b.o
         0          0          0          0          0          0   entry8b.o
         8          4          0          0          0          0   entry9a.o
        30          0          0          0          0          0   handlers.o
        36          8          0          0          0         68   init.o
         0          0          0          0          0          0   iusefp.o
        30          0          0          0          0         68   llshl.o
        36          0          0          0          0         68   llsshr.o
        32          0          0          0          0         68   llushr.o
        36          0          0          0          0         68   memcpya.o
        36          0          0          0          0        108   memseta.o
      2324         94          0          0          0        600   printfa.o
         0          0          0          4          0          0   stdout.o
        44          0          0          0          0         80   uidiv.o
        98          0          0          0          0         92   uldiv.o
        48          0          0          0          0         68   cdrcmple.o
       334          0          0          0          0        148   dadd.o
       222          0          0          0          0        100   ddiv.o
       186          0          0          0          0        176   depilogue.o
        48          0          0          0          0         68   dfixul.o
       228          0          0          0          0         96   dmul.o

    ----------------------------------------------------------------------
      3792        110          0          4          0       1876   Library Totals
         4          0          0          0          0          0   (incl. Padding)

    ----------------------------------------------------------------------

      Code (inc. data)   RO Data    RW Data    ZI Data      Debug   Library Name

      2722        110          0          4          0       1220   mc_w.l
      1066          0          0          0          0        656   mf_w.l

    ----------------------------------------------------------------------
      3792        110          0          4          0       1876   Library Totals

    ----------------------------------------------------------------------

==============================================================================


      Code (inc. data)   RO Data    RW Data    ZI Data      Debug   

     16108       1168        316        236      12012     578346   Grand Totals
     16108       1168        316        236      12012     578346   ELF Image Totals
     16108       1168        316        236          0          0   ROM Totals

==============================================================================

    Total RO  Size (Code + RO Data)                16424 (  16.04kB)
    Total RW  Size (RW Data + ZI Data)             12248 (  11.96kB)
    Total ROM Size (Code + RO Data + RW Data)      16660 (  16.27kB)

==============================================================================

